Component: ARM Compiler 5.06 update 7 (build 960) Tool: armlink [4d3601]

==============================================================================

Section Cross References

    startup_stm32f103xb.o(RESET) refers to startup_stm32f103xb.o(STACK) for __initial_sp
    startup_stm32f103xb.o(RESET) refers to startup_stm32f103xb.o(.text) for Reset_Handler
    startup_stm32f103xb.o(RESET) refers to stm32f1xx_it.o(i.NMI_Handler) for NMI_Handler
    startup_stm32f103xb.o(RESET) refers to stm32f1xx_it.o(i.HardFault_Handler) for HardFault_Handler
    startup_stm32f103xb.o(RESET) refers to stm32f1xx_it.o(i.MemManage_Handler) for MemManage_Handler
    startup_stm32f103xb.o(RESET) refers to stm32f1xx_it.o(i.BusFault_Handler) for BusFault_Handler
    startup_stm32f103xb.o(RESET) refers to stm32f1xx_it.o(i.UsageFault_Handler) for UsageFault_Handler
    startup_stm32f103xb.o(RESET) refers to stm32f1xx_it.o(i.SVC_Handler) for SVC_Handler
    startup_stm32f103xb.o(RESET) refers to stm32f1xx_it.o(i.DebugMon_Handler) for DebugMon_Handler
    startup_stm32f103xb.o(RESET) refers to os_cpu_a.o(CODE) for OS_CPU_PendSVHandler
    startup_stm32f103xb.o(RESET) refers to os_cpu_c.o(i.OS_CPU_SysTickHandler) for OS_CPU_SysTickHandler
    startup_stm32f103xb.o(.text) refers to system_stm32f1xx.o(i.SystemInit) for SystemInit
    startup_stm32f103xb.o(.text) refers to entry.o(.ARM.Collect$$$$00000000) for __main
    main.o(i.AppTaskStart) refers to bsp.o(i.BSP_Init) for BSP_Init
    main.o(i.AppTaskStart) refers to os_stat.o(i.OSStatTaskCPUUsageInit) for OSStatTaskCPUUsageInit
    main.o(i.AppTaskStart) refers to cpu_core.o(i.CPU_IntDisMeasMaxCurReset) for CPU_IntDisMeasMaxCurReset
    main.o(i.AppTaskStart) refers to os_core.o(i.OSSchedRoundRobinCfg) for OSSchedRoundRobinCfg
    main.o(i.AppTaskStart) refers to cpu_a.o(.text) for CPU_SR_Save
    main.o(i.AppTaskStart) refers to cpu_core.o(i.CPU_IntDisMeasStart) for CPU_IntDisMeasStart
    main.o(i.AppTaskStart) refers to os_core.o(i.OS_SchedLockTimeMeasStart) for OS_SchedLockTimeMeasStart
    main.o(i.AppTaskStart) refers to cpu_core.o(i.CPU_IntDisMeasStop) for CPU_IntDisMeasStop
    main.o(i.AppTaskStart) refers to os_task.o(i.OSTaskCreate) for OSTaskCreate
    main.o(i.AppTaskStart) refers to os_task.o(i.OS_TaskSuspend) for OS_TaskSuspend
    main.o(i.AppTaskStart) refers to os_core.o(i.OS_SchedLockTimeMeasStop) for OS_SchedLockTimeMeasStop
    main.o(i.AppTaskStart) refers to os_core.o(i.OS_Sched0) for OS_Sched0
    main.o(i.AppTaskStart) refers to os_var.o(.data) for OSSchedLockNestingCtr
    main.o(i.AppTaskStart) refers to main.o(.bss) for .bss
    main.o(i.AppTaskStart) refers to main.o(i.Led1) for Led1
    main.o(i.AppTaskStart) refers to main.o(i.Led2) for Led2
    main.o(i.AppTaskStart) refers to main.o(i.send_msg) for send_msg
    main.o(i.AppTaskStart) refers to os_var.o(.data) for OSIntQNbrEntries
    main.o(i.Led1) refers to bsp.o(i.BSP_Init) for BSP_Init
    main.o(i.Led1) refers to cpu_core.o(i.CPU_Init) for CPU_Init
    main.o(i.Led1) refers to lib_mem.o(i.Mem_Init) for Mem_Init
    main.o(i.Led1) refers to os_stat.o(i.OSStatTaskCPUUsageInit) for OSStatTaskCPUUsageInit
    main.o(i.Led1) refers to cpu_core.o(i.CPU_IntDisMeasMaxCurReset) for CPU_IntDisMeasMaxCurReset
    main.o(i.Led1) refers to stm32f1xx_hal_gpio.o(i.HAL_GPIO_WritePin) for HAL_GPIO_WritePin
    main.o(i.Led1) refers to os_time.o(i.OSTimeDlyHMSM) for OSTimeDlyHMSM
    main.o(i.Led2) refers to bsp.o(i.BSP_Init) for BSP_Init
    main.o(i.Led2) refers to cpu_core.o(i.CPU_Init) for CPU_Init
    main.o(i.Led2) refers to lib_mem.o(i.Mem_Init) for Mem_Init
    main.o(i.Led2) refers to os_stat.o(i.OSStatTaskCPUUsageInit) for OSStatTaskCPUUsageInit
    main.o(i.Led2) refers to cpu_core.o(i.CPU_IntDisMeasMaxCurReset) for CPU_IntDisMeasMaxCurReset
    main.o(i.Led2) refers to stm32f1xx_hal_gpio.o(i.HAL_GPIO_WritePin) for HAL_GPIO_WritePin
    main.o(i.Led2) refers to os_time.o(i.OSTimeDlyHMSM) for OSTimeDlyHMSM
    main.o(i.SystemClock_Config) refers to memseta.o(.text) for __aeabi_memclr4
    main.o(i.SystemClock_Config) refers to stm32f1xx_hal_rcc.o(i.HAL_RCC_OscConfig) for HAL_RCC_OscConfig
    main.o(i.SystemClock_Config) refers to stm32f1xx_hal_rcc.o(i.HAL_RCC_ClockConfig) for HAL_RCC_ClockConfig
    main.o(i.main) refers to os_core.o(i.OSInit) for OSInit
    main.o(i.main) refers to usart.o(i.MX_USART1_UART_Init) for MX_USART1_UART_Init
    main.o(i.main) refers to os_task.o(i.OSTaskCreate) for OSTaskCreate
    main.o(i.main) refers to os_core.o(i.OSStart) for OSStart
    main.o(i.main) refers to main.o(.bss) for .bss
    main.o(i.main) refers to main.o(i.AppTaskStart) for AppTaskStart
    main.o(i.send_msg) refers to bsp.o(i.BSP_Init) for BSP_Init
    main.o(i.send_msg) refers to cpu_core.o(i.CPU_Init) for CPU_Init
    main.o(i.send_msg) refers to lib_mem.o(i.Mem_Init) for Mem_Init
    main.o(i.send_msg) refers to os_stat.o(i.OSStatTaskCPUUsageInit) for OSStatTaskCPUUsageInit
[...]
    i.OSIdleTaskHook                         0x08000ae0   Section        0  os_cpu_c.o(i.OSIdleTaskHook)
    i.OSInit                                 0x08000af0   Section        0  os_core.o(i.OSInit)
    i.OSInitHook                             0x08000c74   Section        0  os_cpu_c.o(i.OSInitHook)
    i.OSIntExit                              0x08000ca8   Section        0  os_core.o(i.OSIntExit)
    i.OSSched                                0x08000d38   Section        0  os_core.o(i.OSSched)
    i.OSSchedLock                            0x08000db4   Section        0  os_core.o(i.OSSchedLock)
    i.OSSchedRoundRobinCfg                   0x08000e10   Section        0  os_core.o(i.OSSchedRoundRobinCfg)
    i.OSSchedUnlock                          0x08000e68   Section        0  os_core.o(i.OSSchedUnlock)
    i.OSStart                                0x08000edc   Section        0  os_core.o(i.OSStart)
    i.OSStatReset                            0x08000f34   Section        0  os_stat.o(i.OSStatReset)
    i.OSStatTaskCPUUsageInit                 0x0800102c   Section        0  os_stat.o(i.OSStatTaskCPUUsageInit)
    i.OSStatTaskHook                         0x080010e0   Section        0  os_cpu_c.o(i.OSStatTaskHook)
    i.OSTaskCreate                           0x080010f0   Section        0  os_task.o(i.OSTaskCreate)
    i.OSTaskCreateHook                       0x080012e8   Section        0  os_cpu_c.o(i.OSTaskCreateHook)
    i.OSTaskDel                              0x080012f8   Section        0  os_task.o(i.OSTaskDel)
    i.OSTaskDelHook                          0x08001464   Section        0  os_cpu_c.o(i.OSTaskDelHook)
    i.OSTaskResume                           0x08001474   Section        0  os_task.o(i.OSTaskResume)
    i.OSTaskReturnHook                       0x080014e4   Section        0  os_cpu_c.o(i.OSTaskReturnHook)
    i.OSTaskSemPend                          0x080014f4   Section        0  os_task.o(i.OSTaskSemPend)
    i.OSTaskStkChk                           0x08001664   Section        0  os_task.o(i.OSTaskStkChk)
    i.OSTaskStkInit                          0x08001710   Section        0  os_cpu_c.o(i.OSTaskStkInit)
    i.OSTaskSuspend                          0x08001780   Section        0  os_task.o(i.OSTaskSuspend)
    i.OSTaskSwHook                           0x080017d4   Section        0  os_cpu_c.o(i.OSTaskSwHook)
    i.OSTimeDly                              0x0800183c   Section        0  os_time.o(i.OSTimeDly)
    i.OSTimeDlyHMSM                          0x08001928   Section        0  os_time.o(i.OSTimeDlyHMSM)
    i.OSTimeTick                             0x08001ab0   Section        0  os_time.o(i.OSTimeTick)
    i.OSTimeTickHook                         0x08001af0   Section        0  os_cpu_c.o(i.OSTimeTickHook)
    i.OS_CPU_SysTickHandler                  0x08001b00   Section        0  os_cpu_c.o(i.OS_CPU_SysTickHandler)
    i.OS_CPU_SysTickInit                     0x08001b30   Section        0  os_cpu_c.o(i.OS_CPU_SysTickInit)
    i.OS_Dbg_Init                            0x08001b58   Section        0  os_dbg.o(i.OS_Dbg_Init)
    i.OS_FlagInit                            0x08001b5c   Section        0  os_flag.o(i.OS_FlagInit)
    i.OS_FlagPost                            0x08001b74   Section        0  os_flag.o(i.OS_FlagPost)
    i.OS_FlagTaskRdy                         0x08001cfc   Section        0  os_flag.o(i.OS_FlagTaskRdy)
    i.OS_IdleTask                            0x08001d40   Section        0  os_core.o(i.OS_IdleTask)
    i.OS_IdleTaskInit                        0x08001d74   Section        0  os_core.o(i.OS_IdleTaskInit)
    i.OS_IntQPost                            0x08001ddc   Section        0  os_int.o(i.OS_IntQPost)
    i.OS_IntQRePost                          0x08001e94   Section        0  os_int.o(i.OS_IntQRePost)
    i.OS_IntQTask                            0x08001fb0   Section        0  os_int.o(i.OS_IntQTask)
    i.OS_IntQTaskInit                        0x08002038   Section        0  os_int.o(i.OS_IntQTaskInit)
    i.OS_MemInit                             0x08002150   Section        0  os_mem.o(i.OS_MemInit)
    i.OS_MsgPoolInit                         0x08002168   Section        0  os_msg.o(i.OS_MsgPoolInit)
    i.OS_MsgQFreeAll                         0x080021d0   Section        0  os_msg.o(i.OS_MsgQFreeAll)
    i.OS_MsgQInit                            0x08002204   Section        0  os_msg.o(i.OS_MsgQInit)
    i.OS_MsgQPut                             0x08002214   Section        0  os_msg.o(i.OS_MsgQPut)
    i.OS_MutexInit                           0x0800229c   Section        0  os_mutex.o(i.OS_MutexInit)
    i.OS_Pend                                0x080022b4   Section        0  os_core.o(i.OS_Pend)
    i.OS_PendDataInit                        0x08002304   Section        0  os_core.o(i.OS_PendDataInit)
    i.OS_PendDbgNameAdd                      0x08002334   Section        0  os_core.o(i.OS_PendDbgNameAdd)
    i.OS_PendDbgNameRemove                   0x0800237c   Section        0  os_core.o(i.OS_PendDbgNameRemove)
    i.OS_PendListInsertPrio                  0x08002398   Section        0  os_core.o(i.OS_PendListInsertPrio)
    i.OS_PendListRemove                      0x080023f2   Section        0  os_core.o(i.OS_PendListRemove)
    i.OS_PendListRemove1                     0x08002418   Section        0  os_core.o(i.OS_PendListRemove1)
    i.OS_Post                                0x0800244e   Section        0  os_core.o(i.OS_Post)
    i.OS_Post1                               0x080024e6   Section        0  os_core.o(i.OS_Post1)
    i.OS_PrioGetHighest                      0x0800250c   Section        0  os_prio.o(i.OS_PrioGetHighest)
    i.OS_PrioInit                            0x08002530   Section        0  os_prio.o(i.OS_PrioInit)
    i.OS_PrioInsert                          0x0800253c   Section        0  os_prio.o(i.OS_PrioInsert)
    i.OS_PrioRemove                          0x0800255c   Section        0  os_prio.o(i.OS_PrioRemove)
    i.OS_QInit                               0x0800257c   Section        0  os_q.o(i.OS_QInit)
    i.OS_QPost                               0x08002594   Section        0  os_q.o(i.OS_QPost)
    i.OS_RdyListInit                         0x08002698   Section        0  os_core.o(i.OS_RdyListInit)
    i.OS_RdyListInsert                       0x080026bc   Section        0  os_core.o(i.OS_RdyListInsert)
    i.OS_RdyListInsertHead                   0x080026ec   Section        0  os_core.o(i.OS_RdyListInsertHead)
    i.OS_RdyListInsertTail                   0x08002724   Section        0  os_core.o(i.OS_RdyListInsertTail)
    i.OS_RdyListMoveHeadToTail               0x08002758   Section        0  os_core.o(i.OS_RdyListMoveHeadToTail)
    i.OS_RdyListRemove                       0x0800278c   Section        0  os_core.o(i.OS_RdyListRemove)
    i.OS_Sched0                              0x080027e0   Section        0  os_core.o(i.OS_Sched0)
    i.OS_SchedLockTimeMeasStart              0x08002828   Section        0  os_core.o(i.OS_SchedLockTimeMeasStart)
    i.OS_SchedLockTimeMeasStop               0x08002844   Section        0  os_core.o(i.OS_SchedLockTimeMeasStop)
    i.OS_SchedRoundRobin                     0x08002880   Section        0  os_core.o(i.OS_SchedRoundRobin)
    i.OS_SemInit                             0x080028e8   Section        0  os_sem.o(i.OS_SemInit)
    i.OS_SemPost                             0x08002900   Section        0  os_sem.o(i.OS_SemPost)
    i.OS_StatTask                            0x080029e4   Section        0  os_stat.o(i.OS_StatTask)
    i.OS_StatTaskInit                        0x08002c88   Section        0  os_stat.o(i.OS_StatTaskInit)
    i.OS_TaskBlock                           0x08002d44   Section        0  os_core.o(i.OS_TaskBlock)
    i.OS_TaskDbgListAdd                      0x08002d70   Section        0  os_task.o(i.OS_TaskDbgListAdd)
    i.OS_TaskDbgListRemove                   0x08002d94   Section        0  os_task.o(i.OS_TaskDbgListRemove)
    i.OS_TaskInit                            0x08002dcc   Section        0  os_task.o(i.OS_TaskInit)
    i.OS_TaskInitTCB                         0x08002dec   Section        0  os_task.o(i.OS_TaskInitTCB)
    i.OS_TaskQPost                           0x08002eb4   Section        0  os_task.o(i.OS_TaskQPost)
    i.OS_TaskRdy                             0x08002ff8   Section        0  os_core.o(i.OS_TaskRdy)
    i.OS_TaskResume                          0x08003014   Section        0  os_task.o(i.OS_TaskResume)
    i.OS_TaskReturn                          0x08003114   Section        0  os_task.o(i.OS_TaskReturn)
    i.OS_TaskSemPost                         0x0800312c   Section        0  os_task.o(i.OS_TaskSemPost)
    i.OS_TaskSuspend                         0x080032b4   Section        0  os_task.o(i.OS_TaskSuspend)
    i.OS_TickListInit                        0x0800339c   Section        0  os_tick.o(i.OS_TickListInit)
    i.OS_TickListInsert                      0x080033c8   Section        0  os_tick.o(i.OS_TickListInsert)
    i.OS_TickListRemove                      0x080034a0   Section        0  os_tick.o(i.OS_TickListRemove)
    i.OS_TickListResetPeak                   0x080034d8   Section        0  os_tick.o(i.OS_TickListResetPeak)
    i.OS_TickListUpdate                      0x08003500   Section        0  os_tick.o(i.OS_TickListUpdate)
    i.OS_TickTask                            0x0800367c   Section        0  os_tick.o(i.OS_TickTask)
    i.OS_TickTaskInit                        0x080036a4   Section        0  os_tick.o(i.OS_TickTaskInit)
    i.OS_TmrInit                             0x0800374c   Section        0  os_tmr.o(i.OS_TmrInit)
    i.OS_TmrLink                             0x08003850   Section        0  os_tmr.o(i.OS_TmrLink)
    i.OS_TmrResetPeak                        0x080038e8   Section        0  os_tmr.o(i.OS_TmrResetPeak)
    i.OS_TmrTask                             0x08003910   Section        0  os_tmr.o(i.OS_TmrTask)
    i.OS_TmrUnlink                           0x080039b4   Section        0  os_tmr.o(i.OS_TmrUnlink)
    i.SVC_Handler                            0x08003a00   Section        0  stm32f1xx_it.o(i.SVC_Handler)
    i.SystemInit                             0x08003a02   Section        0  system_stm32f1xx.o(i.SystemInit)
    i.UART_SetConfig                         0x08003a04   Section        0  stm32f1xx_hal_uart.o(i.UART_SetConfig)
    UART_SetConfig                           0x08003a05   Thumb Code   178  stm32f1xx_hal_uart.o(i.UART_SetConfig)
    i.UART_WaitOnFlagUntilTimeout            0x08003abc   Section        0  stm32f1xx_hal_uart.o(i.UART_WaitOnFlagUntilTimeout)
    UART_WaitOnFlagUntilTimeout              0x08003abd   Thumb Code   100  stm32f1xx_hal_uart.o(i.UART_WaitOnFlagUntilTimeout)
    i.UsageFault_Handler                     0x08003b20   Section        0  stm32f1xx_it.o(i.UsageFault_Handler)
    i.__0printf$bare                         0x08003b24   Section        0  printfb.o(i.__0printf$bare)
    i.__scatterload_copy                     0x08003b34   Section       14  handlers.o(i.__scatterload_copy)
    i.__scatterload_null                     0x08003b42   Section        2  handlers.o(i.__scatterload_null)
    i.__scatterload_zeroinit                 0x08003b44   Section       14  handlers.o(i.__scatterload_zeroinit)
    i._printf_core                           0x08003b52   Section        0  printfb.o(i._printf_core)
    _printf_core                             0x08003b53   Thumb Code    34  printfb.o(i._printf_core)
    i.fputc                                  0x08003b74   Section        0  usart.o(i.fputc)
    i.main                                   0x08003b8c   Section        0  main.o(i.main)
    i.send_msg                               0x08003bf0   Section        0  main.o(i.send_msg)
    send_msg                                 0x08003bf1   Thumb Code    52  main.o(i.send_msg)
    .constdata                               0x08003c34   Section        8  system_stm32f1xx.o(.constdata)
    .constdata                               0x08003c3c   Section        4  os_cfg_app.o(.constdata)
    .constdata                               0x08003c40   Section        4  os_cfg_app.o(.constdata)
    .constdata                               0x08003c44   Section        4  os_cfg_app.o(.constdata)
    .constdata                               0x08003c48   Section        4  os_cfg_app.o(.constdata)
    .constdata                               0x08003c4c   Section        2  os_cfg_app.o(.constdata)
    .constdata                               0x08003c50   Section        4  os_cfg_app.o(.constdata)
    .constdata                               0x08003c54   Section        4  os_cfg_app.o(.constdata)
    .constdata                               0x08003c58   Section        4  os_cfg_app.o(.constdata)
    .constdata                               0x08003c5c   Section        4  os_cfg_app.o(.constdata)
    .constdata                               0x08003c60   Section        4  os_cfg_app.o(.constdata)
    .constdata                               0x08003c64   Section        2  os_cfg_app.o(.constdata)
    .constdata                               0x08003c68   Section        4  os_cfg_app.o(.constdata)
    .constdata                               0x08003c6c   Section        1  os_cfg_app.o(.constdata)
    .constdata                               0x08003c70   Section        4  os_cfg_app.o(.constdata)
    .constdata                               0x08003c74   Section        4  os_cfg_app.o(.constdata)
    .constdata                               0x08003c78   Section        4  os_cfg_app.o(.constdata)
    .constdata                               0x08003c7c   Section        4  os_cfg_app.o(.constdata)
    .constdata                               0x08003c80   Section        4  os_cfg_app.o(.constdata)
    .constdata                               0x08003c84   Section        4  os_cfg_app.o(.constdata)
    .constdata                               0x08003c88   Section        1  os_cfg_app.o(.constdata)
    .constdata                               0x08003c8c   Section        4  os_cfg_app.o(.constdata)
    .constdata                               0x08003c90   Section        4  os_cfg_app.o(.constdata)
    .constdata                               0x08003c94   Section        4  os_cfg_app.o(.constdata)
    .constdata                               0x08003c98   Section        2  os_cfg_app.o(.constdata)
    .constdata                               0x08003c9a   Section        1  os_cfg_app.o(.constdata)
    .constdata                               0x08003c9c   Section        4  os_cfg_app.o(.constdata)
    .constdata                               0x08003ca0   Section        4  os_cfg_app.o(.constdata)
    .constdata                               0x08003ca4   Section        4  os_cfg_app.o(.constdata)
    .constdata                               0x08003ca8   Section        4  os_cfg_app.o(.constdata)
    .constdata                               0x08003cac   Section        2  os_cfg_app.o(.constdata)
    .data                                    0x20000000   Section       12  stm32f1xx_hal.o(.data)
    .data                                    0x2000000c   Section        4  system_stm32f1xx.o(.data)
    .data                                    0x20000010   Section       28  cpu_core.o(.data)
    .data                                    0x2000002c   Section        4  lib_mem.o(.data)
    .data                                    0x20000030   Section        4  os_cpu_c.o(.data)
    .data                                    0x20000034   Section        4  os_prio.o(.data)
    .data                                    0x20000038   Section        4  os_var.o(.data)
    .data                                    0x2000003c   Section        4  os_var.o(.data)
    .data                                    0x20000040   Section        4  os_var.o(.data)
    .data                                    0x20000044   Section        4  os_var.o(.data)
    .data                                    0x20000048   Section        4  os_var.o(.data)
    .data                                    0x2000004c   Section        4  os_var.o(.data)
    .data                                    0x20000050   Section        4  os_var.o(.data)
    .data                                    0x20000054   Section        4  os_var.o(.data)
    .data                                    0x20000058   Section        1  os_var.o(.data)
    .data                                    0x2000005c   Section        4  os_var.o(.data)
    .data                                    0x20000060   Section        1  os_var.o(.data)
    .data                                    0x20000064   Section        4  os_var.o(.data)
    .data                                    0x20000068   Section        4  os_var.o(.data)
    .data                                    0x2000006c   Section        2  os_var.o(.data)
    .data                                    0x2000006e   Section        2  os_var.o(.data)
    .data                                    0x20000070   Section        2  os_var.o(.data)
    .data                                    0x20000074   Section        4  os_var.o(.data)
    .data                                    0x20000078   Section        4  os_var.o(.data)
    .data                                    0x2000007c   Section        2  os_var.o(.data)
    .data                                    0x20000080   Section        4  os_var.o(.data)
    .data                                    0x20000084   Section        2  os_var.o(.data)
    .data                                    0x20000088   Section        4  os_var.o(.data)
    .data                                    0x2000008c   Section        2  os_var.o(.data)
    .data                                    0x2000008e   Section        1  os_var.o(.data)
    .data                                    0x2000008f   Section        1  os_var.o(.data)
    .data                                    0x20000090   Section        1  os_var.o(.data)
    .data                                    0x20000094   Section        4  os_var.o(.data)
    .data                                    0x20000098   Section        2  os_var.o(.data)
    .data                                    0x2000009c   Section        4  os_var.o(.data)
    .data                                    0x200000a0   Section        4  os_var.o(.data)
    .data                                    0x200000a4   Section        4  os_var.o(.data)
    .data                                    0x200000a8   Section        1  os_var.o(.data)
    .data                                    0x200000ac   Section        4  os_var.o(.data)
    .data                                    0x200000b0   Section        1  os_var.o(.data)
    .data                                    0x200000b4   Section        4  os_var.o(.data)
    .data                                    0x200000b8   Section        2  os_var.o(.data)
    .data                                    0x200000ba   Section        1  os_var.o(.data)
    .data                                    0x200000bc   Section        2  os_var.o(.data)
    .data                                    0x200000be   Section        2  os_var.o(.data)
    .data                                    0x200000c0   Section        4  os_var.o(.data)
    .data                                    0x200000c4   Section        4  os_var.o(.data)
    .data                                    0x200000c8   Section        4  os_var.o(.data)
    .data                                    0x200000cc   Section        1  os_var.o(.data)
    .data                                    0x200000d0   Section        4  os_var.o(.data)
    .data                                    0x200000d4   Section        4  os_var.o(.data)
    .data                                    0x200000d8   Section        4  os_var.o(.data)
    .data                                    0x200000dc   Section        2  os_var.o(.data)
    .data                                    0x200000de   Section        1  os_var.o(.data)
    .data                                    0x200000e0   Section        4  os_var.o(.data)
    .data                                    0x200000e4   Section        4  os_var.o(.data)
    .data                                    0x200000e8   Section        4  os_var.o(.data)
    .data                                    0x200000ec   Section        4  os_var.o(.data)
    .data                                    0x200000f0   Section        4  os_var.o(.data)
    .data                                    0x200000f4   Section        4  os_var.o(.data)
    .data                                    0x200000f8   Section        4  os_var.o(.data)
    .data                                    0x200000fc   Section        4  os_var.o(.data)
    .data                                    0x20000100   Section        4  os_var.o(.data)
    .data                                    0x20000104   Section        4  stdout.o(.data)
    .bss                                     0x20000108   Section     2080  main.o(.bss)
    AppTaskStartTCB                          0x20000108   Data         200  main.o(.bss)
    Led1TaskTCB                              0x200001d0   Data         200  main.o(.bss)
    Led2TaskTCB                              0x20000298   Data         200  main.o(.bss)
    MsgTaskTCB                               0x20000360   Data         200  main.o(.bss)
    AppTaskStartStk                          0x20000428   Data         512  main.o(.bss)
    Led1_TASK_STK                            0x20000628   Data         256  main.o(.bss)
    Led2_TASK_STK                            0x20000728   Data         256  main.o(.bss)
    MSG_TASK_STK                             0x20000828   Data         256  main.o(.bss)
    .bss                                     0x20000928   Section       68  usart.o(.bss)
    .bss                                     0x2000096c   Section       16  cpu_core.o(.bss)
    .bss                                     0x2000097c   Section     5192  lib_mem.o(.bss)
    .bss                                     0x20001dc4   Section      512  os_cfg_app.o(.bss)
    .bss                                     0x20001fc4   Section      320  os_cfg_app.o(.bss)
    .bss                                     0x20002104   Section      512  os_cfg_app.o(.bss)
    .bss                                     0x20002304   Section      512  os_cfg_app.o(.bss)
    .bss                                     0x20002504   Section     1600  os_cfg_app.o(.bss)
    .bss                                     0x20002b44   Section      512  os_cfg_app.o(.bss)
    .bss                                     0x20002d44   Section      512  os_cfg_app.o(.bss)
    .bss                                     0x20002f44   Section      136  os_cfg_app.o(.bss)
    .bss                                     0x20002fcc   Section      512  os_cfg_app.o(.bss)
    .bss                                     0x200031cc   Section      136  os_cfg_app.o(.bss)
    .bss                                     0x20003254   Section      200  os_var.o(.bss)
    .bss                                     0x2000331c   Section      200  os_var.o(.bss)
    .bss                                     0x200033e4   Section       12  os_var.o(.bss)
    .bss                                     0x200033f0   Section      384  os_var.o(.bss)
    .bss                                     0x20003570   Section      200  os_var.o(.bss)
    .bss                                     0x20003638   Section      200  os_var.o(.bss)
    .bss                                     0x20003700   Section      200  os_var.o(.bss)
    STACK                                    0x200037c8   Section     1024  startup_stm32f103xb.o(STACK)

    Global Symbols

    Symbol Name                              Value     Ov Type        Size  Object(Section)

    BuildAttributes$$THM_ISAv4$P$D$K$B$S$PE$A:L22UL41UL21$X:L11$S22US41US21$IEEE1$IW$USESV6$~STKCKD$USESV7$~SHL$OSPACE$ROPI$EBA8$MICROLIB$REQ8$PRES8$EABIv2 0x00000000   Number         0  anon$$obj.o ABSOLUTE
    __ARM_use_no_argv                        0x00000000   Number         0  main.o ABSOLUTE
    __arm_fini_                               - Undefined Weak Reference
    __cpp_initialize__aeabi_                  - Undefined Weak Reference
    __cxa_finalize                            - Undefined Weak Reference
    __decompress                              - Undefined Weak Reference
    _clock_init                               - Undefined Weak Reference
    _microlib_exit                            - Undefined Weak Reference
    __Vectors_Size                           0x000000ec   Number         0  startup_stm32f103xb.o ABSOLUTE
    __Vectors                                0x08000000   Data           4  startup_stm32f103xb.o(RESET)
    __Vectors_End                            0x080000ec   Data           0  startup_stm32f103xb.o(RESET)
    __main                                   0x080000ed   Thumb Code     0  entry.o(.ARM.Collect$$$$00000000)
    _main_stk                                0x080000ed   Thumb Code     0  entry2.o(.ARM.Collect$$$$00000001)
    _main_scatterload                        0x080000f1   Thumb Code     0  entry5.o(.ARM.Collect$$$$00000004)
    __main_after_scatterload                 0x080000f5   Thumb Code     0  entry5.o(.ARM.Collect$$$$00000004)
    _main_clock                              0x080000f5   Thumb Code     0  entry7b.o(.ARM.Collect$$$$00000008)
    _main_cpp_init                           0x080000f5   Thumb Code     0  entry8b.o(.ARM.Collect$$$$0000000A)
    _main_init                               0x080000f5   Thumb Code     0  entry9a.o(.ARM.Collect$$$$0000000B)
    __rt_lib_shutdown_fini                   0x080000fd   Thumb Code     0  entry12b.o(.ARM.Collect$$$$0000000E)
    __rt_final_cpp                           0x08000101   Thumb Code     0  entry10a.o(.ARM.Collect$$$$0000000F)
    __rt_final_exit                          0x08000101   Thumb Code     0  entry11a.o(.ARM.Collect$$$$00000011)
    Reset_Handler                            0x08000105   Thumb Code     8  startup_stm32f103xb.o(.text)
    ADC1_2_IRQHandler                        0x0800011f   Thumb Code     0  startup_stm32f103xb.o(.text)
    CAN1_RX1_IRQHandler                      0x0800011f   Thumb Code     0  startup_stm32f103xb.o(.text)
    CAN1_SCE_IRQHandler                      0x0800011f   Thumb Code     0  startup_stm32f103xb.o(.text)
    DMA1_Channel1_IRQHandler                 0x0800011f   Thumb Code     0  startup_stm32f103xb.o(.text)
    DMA1_Channel2_IRQHandler                 0x0800011f   Thumb Code     0  startup_stm32f103xb.o(.text)
    DMA1_Channel3_IRQHandler                 0x0800011f   Thumb Code     0  startup_stm32f103xb.o(.text)
    DMA1_Channel4_IRQHandler                 0x0800011f   Thumb Code     0  startup_stm32f103xb.o(.text)
    DMA1_Channel5_IRQHandler                 0x0800011f   Thumb Code     0  startup_stm32f103xb.o(.text)
    DMA1_Channel6_IRQHandler                 0x0800011f   Thumb Code     0  startup_stm32f103xb.o(.text)
    DMA1_Channel7_IRQHandler                 0x0800011f   Thumb Code     0  startup_stm32f103xb.o(.text)
    EXTI0_IRQHandler                         0x0800011f   Thumb Code     0  startup_stm32f103xb.o(.text)
    EXTI15_10_IRQHandler                     0x0800011f   Thumb Code     0  startup_stm32f103xb.o(.text)
    EXTI1_IRQHandler                         0x0800011f   Thumb Code     0  startup_stm32f103xb.o(.text)
    EXTI2_IRQHandler                         0x0800011f   Thumb Code     0  startup_stm32f103xb.o(.text)
    EXTI3_IRQHandler                         0x0800011f   Thumb Code     0  startup_stm32f103xb.o(.text)
    EXTI4_IRQHandler                         0x0800011f   Thumb Code     0  startup_stm32f103xb.o(.text)
    EXTI9_5_IRQHandler                       0x0800011f   Thumb Code     0  startup_stm32f103xb.o(.text)
    FLASH_IRQHandler                         0x0800011f   Thumb Code     0  startup_stm32f103xb.o(.text)
    I2C1_ER_IRQHandler                       0x0800011f   Thumb Code     0  startup_stm32f103xb.o(.text)
    I2C1_EV_IRQHandler                       0x0800011f   Thumb Code     0  startup_stm32f103xb.o(.text)
    I2C2_ER_IRQHandler                       0x0800011f   Thumb Code     0  startup_stm32f103xb.o(.text)
    I2C2_EV_IRQHandler                       0x0800011f   Thumb Code     0  startup_stm32f103xb.o(.text)
    PVD_IRQHandler                           0x0800011f   Thumb Code     0  startup_stm32f103xb.o(.text)
    RCC_IRQHandler                           0x0800011f   Thumb Code     0  startup_stm32f103xb.o(.text)
    RTC_Alarm_IRQHandler                     0x0800011f   Thumb Code     0  startup_stm32f103xb.o(.text)
    RTC_IRQHandler                           0x0800011f   Thumb Code     0  startup_stm32f103xb.o(.text)
    SPI1_IRQHandler                          0x0800011f   Thumb Code     0  startup_stm32f103xb.o(.text)
    SPI2_IRQHandler                          0x0800011f   Thumb Code     0  startup_stm32f103xb.o(.text)
    TAMPER_IRQHandler                        0x0800011f   Thumb Code     0  startup_stm32f103xb.o(.text)
    TIM1_BRK_IRQHandler                      0x0800011f   Thumb Code     0  startup_stm32f103xb.o(.text)
    TIM1_CC_IRQHandler                       0x0800011f   Thumb Code     0  startup_stm32f103xb.o(.text)
    TIM1_TRG_COM_IRQHandler                  0x0800011f   Thumb Code     0  startup_stm32f103xb.o(.text)
    TIM1_UP_IRQHandler                       0x0800011f   Thumb Code     0  startup_stm32f103xb.o(.text)
    TIM2_IRQHandler                          0x0800011f   Thumb Code     0  startup_stm32f103xb.o(.text)
    TIM3_IRQHandler                          0x0800011f   Thumb Code     0  startup_stm32f103xb.o(.text)
    TIM4_IRQHandler                          0x0800011f   Thumb Code     0  startup_stm32f103xb.o(.text)
    USART1_IRQHandler                        0x0800011f   Thumb Code     0  startup_stm32f103xb.o(.text)
    USART2_IRQHandler                        0x0800011f   Thumb Code     0  startup_stm32f103xb.o(.text)
    USART3_IRQHandler                        0x0800011f   Thumb Code     0  startup_stm32f103xb.o(.text)
    USBWakeUp_IRQHandler                     0x0800011f   Thumb Code     0  startup_stm32f103xb.o(.text)
    USB_HP_CAN1_TX_IRQHandler                0x0800011f   Thumb Code     0  startup_stm32f103xb.o(.text)
    USB_LP_CAN1_RX0_IRQHandler               0x0800011f   Thumb Code     0  startup_stm32f103xb.o(.text)
    WWDG_IRQHandler                          0x0800011f   Thumb Code     0  startup_stm32f103xb.o(.text)
    CPU_IntDis                               0x08000129   Thumb Code     0  cpu_a.o(.text)
    CPU_IntEn                                0x0800012d   Thumb Code     0  cpu_a.o(.text)
    CPU_SR_Save                              0x08000131   Thumb Code     0  cpu_a.o(.text)
    CPU_SR_Restore                           0x08000139   Thumb Code     0  cpu_a.o(.text)
    CPU_WaitForInt                           0x0800013f   Thumb Code     0  cpu_a.o(.text)
    CPU_WaitForExcept                        0x08000143   Thumb Code     0  cpu_a.o(.text)
    CPU_CntLeadZeros                         0x08000147   Thumb Code     0  cpu_a.o(.text)
    CPU_CntTrailZeros                        0x0800014d   Thumb Code     0  cpu_a.o(.text)
    CPU_RevBits                              0x08000157   Thumb Code     0  cpu_a.o(.text)
    __scatterload                            0x0800015d   Thumb Code    28  init.o(.text)
    __scatterload_rt2                        0x0800015d   Thumb Code     0  init.o(.text)
    OSStartHighRdy                           0x08000181   Thumb Code     0  os_cpu_a.o(CODE)
    OS_CPU_PendSVHandler                     0x080001a3   Thumb Code     0  os_cpu_a.o(CODE)
    BSP_Init                                 0x08000355   Thumb Code    14  bsp.o(i.BSP_Init)
    BSP_Tick_Init                            0x08000365   Thumb Code    22  bsp.o(i.BSP_Tick_Init)
    BusFault_Handler                         0x08000381   Thumb Code     2  stm32f1xx_it.o(i.BusFault_Handler)
    CPU_Init                                 0x08000385   Thumb Code    24  cpu_core.o(i.CPU_Init)
    CPU_IntDisMeasMaxCurGet                  0x08000401   Thumb Code    24  cpu_core.o(i.CPU_IntDisMeasMaxCurGet)
    CPU_IntDisMeasMaxCurReset                0x0800041d   Thumb Code    26  cpu_core.o(i.CPU_IntDisMeasMaxCurReset)
    CPU_IntDisMeasMaxGet                     0x0800043d   Thumb Code    24  cpu_core.o(i.CPU_IntDisMeasMaxGet)
    CPU_IntDisMeasStart                      0x08000459   Thumb Code    28  cpu_core.o(i.CPU_IntDisMeasStart)
    CPU_IntDisMeasStop                       0x08000479   Thumb Code    44  cpu_core.o(i.CPU_IntDisMeasStop)
    CPU_NameClr                              0x080004a9   Thumb Code    34  cpu_core.o(i.CPU_NameClr)
    CPU_TS_TmrFreqSet                        0x080004d1   Thumb Code     6  cpu_core.o(i.CPU_TS_TmrFreqSet)
    CPU_TS_TmrInit                           0x080004dd   Thumb Code    38  bsp.o(i.CPU_TS_TmrInit)
    CPU_TS_TmrRd                             0x0800050d   Thumb Code     6  bsp.o(i.CPU_TS_TmrRd)
    DebugMon_Handler                         0x08000519   Thumb Code     2  stm32f1xx_it.o(i.DebugMon_Handler)
    Error_Handler                            0x0800051b   Thumb Code     2  main.o(i.Error_Handler)
    HAL_GPIO_Init                            0x0800051d   Thumb Code   446  stm32f1xx_hal_gpio.o(i.HAL_GPIO_Init)
    HAL_GPIO_WritePin                        0x080006fd   Thumb Code    10  stm32f1xx_hal_gpio.o(i.HAL_GPIO_WritePin)
    HAL_GetTick                              0x08000709   Thumb Code     6  stm32f1xx_hal.o(i.HAL_GetTick)
    HAL_RCC_GetHCLKFreq                      0x08000715   Thumb Code     6  stm32f1xx_hal_rcc.o(i.HAL_RCC_GetHCLKFreq)
    HAL_RCC_GetPCLK1Freq                     0x08000721   Thumb Code    20  stm32f1xx_hal_rcc.o(i.HAL_RCC_GetPCLK1Freq)
    HAL_RCC_GetPCLK2Freq                     0x08000741   Thumb Code    20  stm32f1xx_hal_rcc.o(i.HAL_RCC_GetPCLK2Freq)
    HAL_UART_Init                            0x08000761   Thumb Code    98  stm32f1xx_hal_uart.o(i.HAL_UART_Init)
    HAL_UART_MspInit                         0x080007c5   Thumb Code   100  usart.o(i.HAL_UART_MspInit)
    HAL_UART_Transmit                        0x08000835   Thumb Code   178  stm32f1xx_hal_uart.o(i.HAL_UART_Transmit)
    HardFault_Handler                        0x080008e7   Thumb Code     2  stm32f1xx_it.o(i.HardFault_Handler)
    MX_GPIO_Init                             0x08000999   Thumb Code   102  gpio.o(i.MX_GPIO_Init)
    MX_USART1_UART_Init                      0x08000a09   Thumb Code    48  usart.o(i.MX_USART1_UART_Init)
    MemManage_Handler                        0x08000a41   Thumb Code     2  stm32f1xx_it.o(i.MemManage_Handler)
    Mem_Clr                                  0x08000a43   Thumb Code     8  lib_mem.o(i.Mem_Clr)
    Mem_Init                                 0x08000a4d   Thumb Code    54  lib_mem.o(i.Mem_Init)
    Mem_Set                                  0x08000a91   Thumb Code    76  lib_mem.o(i.Mem_Set)
    NMI_Handler                              0x08000add   Thumb Code     2  stm32f1xx_it.o(i.NMI_Handler)
    OSCfg_Init                               0x08000adf   Thumb Code     2  os_cfg_app.o(i.OSCfg_Init)
    OSIdleTaskHook                           0x08000ae1   Thumb Code    12  os_cpu_c.o(i.OSIdleTaskHook)
    OSInit                                   0x08000af1   Thumb Code   290  os_core.o(i.OSInit)
    OSInitHook                               0x08000c75   Thumb Code    38  os_cpu_c.o(i.OSInitHook)
    OSIntExit                                0x08000ca9   Thumb Code   108  os_core.o(i.OSIntExit)
    OSSched                                  0x08000d39   Thumb Code    90  os_core.o(i.OSSched)
    OSSchedLock                              0x08000db5   Thumb Code    80  os_core.o(i.OSSchedLock)
    OSSchedRoundRobinCfg                     0x08000e11   Thumb Code    74  os_core.o(i.OSSchedRoundRobinCfg)
    OSSchedUnlock                            0x08000e69   Thumb Code   104  os_core.o(i.OSSchedUnlock)
    OSStart                                  0x08000edd   Thumb Code    62  os_core.o(i.OSStart)
    OSStatReset                              0x08000f35   Thumb Code   202  os_stat.o(i.OSStatReset)
    OSStatTaskCPUUsageInit                   0x0800102d   Thumb Code   150  os_stat.o(i.OSStatTaskCPUUsageInit)
    OSStatTaskHook                           0x080010e1   Thumb Code    12  os_cpu_c.o(i.OSStatTaskHook)
    OSTaskCreate                             0x080010f1   Thumb Code   466  os_task.o(i.OSTaskCreate)
    OSTaskCreateHook                         0x080012e9   Thumb Code    12  os_cpu_c.o(i.OSTaskCreateHook)
    OSTaskDel                                0x080012f9   Thumb Code   336  os_task.o(i.OSTaskDel)
    OSTaskDelHook                            0x08001465   Thumb Code    12  os_cpu_c.o(i.OSTaskDelHook)
    OSTaskResume                             0x08001475   Thumb Code    98  os_task.o(i.OSTaskResume)
    OSTaskReturnHook                         0x080014e5   Thumb Code    12  os_cpu_c.o(i.OSTaskReturnHook)
    OSTaskSemPend                            0x080014f5   Thumb Code   354  os_task.o(i.OSTaskSemPend)
    OSTaskStkChk                             0x08001665   Thumb Code   162  os_task.o(i.OSTaskStkChk)
    OSTaskStkInit                            0x08001711   Thumb Code   108  os_cpu_c.o(i.OSTaskStkInit)
    OSTaskSuspend                            0x08001781   Thumb Code    66  os_task.o(i.OSTaskSuspend)
    OSTaskSwHook                             0x080017d5   Thumb Code    86  os_cpu_c.o(i.OSTaskSwHook)
    OSTimeDly                                0x0800183d   Thumb Code   224  os_time.o(i.OSTimeDly)
    OSTimeDlyHMSM                            0x08001929   Thumb Code   374  os_time.o(i.OSTimeDlyHMSM)
    OSTimeTick                               0x08001ab1   Thumb Code    52  os_time.o(i.OSTimeTick)
    OSTimeTickHook                           0x08001af1   Thumb Code    12  os_cpu_c.o(i.OSTimeTickHook)
    OS_CPU_SysTickHandler                    0x08001b01   Thumb Code    42  os_cpu_c.o(i.OS_CPU_SysTickHandler)
    OS_CPU_SysTickInit                       0x08001b31   Thumb Code    36  os_cpu_c.o(i.OS_CPU_SysTickInit)
    OS_Dbg_Init                              0x08001b59   Thumb Code     2  os_dbg.o(i.OS_Dbg_Init)
    OS_FlagInit                              0x08001b5d   Thumb Code    14  os_flag.o(i.OS_FlagInit)
    OS_FlagPost                              0x08001b75   Thumb Code   382  os_flag.o(i.OS_FlagPost)
    OS_FlagTaskRdy                           0x08001cfd   Thumb Code    68  os_flag.o(i.OS_FlagTaskRdy)
    OS_IdleTask                              0x08001d41   Thumb Code    42  os_core.o(i.OS_IdleTask)
    OS_IdleTaskInit                          0x08001d75   Thumb Code    60  os_core.o(i.OS_IdleTaskInit)
    OS_IntQPost                              0x08001ddd   Thumb Code   148  os_int.o(i.OS_IntQPost)
    OS_IntQRePost                            0x08001e95   Thumb Code   224  os_int.o(i.OS_IntQRePost)
    OS_IntQTask                              0x08001fb1   Thumb Code   120  os_int.o(i.OS_IntQTask)
    OS_IntQTaskInit                          0x08002039   Thumb Code   192  os_int.o(i.OS_IntQTaskInit)
    OS_MemInit                               0x08002151   Thumb Code    14  os_mem.o(i.OS_MemInit)
    OS_MsgPoolInit                           0x08002169   Thumb Code    92  os_msg.o(i.OS_MsgPoolInit)
    OS_MsgQFreeAll                           0x080021d1   Thumb Code    48  os_msg.o(i.OS_MsgQFreeAll)
    OS_MsgQInit                              0x08002205   Thumb Code    14  os_msg.o(i.OS_MsgQInit)
    OS_MsgQPut                               0x08002215   Thumb Code   132  os_msg.o(i.OS_MsgQPut)
    OS_MutexInit                             0x0800229d   Thumb Code    14  os_mutex.o(i.OS_MutexInit)
    OS_Pend                                  0x080022b5   Thumb Code    74  os_core.o(i.OS_Pend)
    OS_PendDataInit                          0x08002305   Thumb Code    48  os_core.o(i.OS_PendDataInit)
    OS_PendDbgNameAdd                        0x08002335   Thumb Code    46  os_core.o(i.OS_PendDbgNameAdd)
    OS_PendDbgNameRemove                     0x0800237d   Thumb Code    22  os_core.o(i.OS_PendDbgNameRemove)
    OS_PendListInsertPrio                    0x08002399   Thumb Code    90  os_core.o(i.OS_PendListInsertPrio)
    OS_PendListRemove                        0x080023f3   Thumb Code    38  os_core.o(i.OS_PendListRemove)
    OS_PendListRemove1                       0x08002419   Thumb Code    54  os_core.o(i.OS_PendListRemove1)
    OS_Post                                  0x0800244f   Thumb Code   152  os_core.o(i.OS_Post)
    OS_Post1                                 0x080024e7   Thumb Code    38  os_core.o(i.OS_Post1)
    OS_PrioGetHighest                        0x0800250d   Thumb Code    32  os_prio.o(i.OS_PrioGetHighest)
    OS_PrioInit                              0x08002531   Thumb Code     8  os_prio.o(i.OS_PrioInit)
    OS_PrioInsert                            0x0800253d   Thumb Code    28  os_prio.o(i.OS_PrioInsert)
    OS_PrioRemove                            0x0800255d   Thumb Code    28  os_prio.o(i.OS_PrioRemove)
    OS_QInit                                 0x0800257d   Thumb Code    14  os_q.o(i.OS_QInit)
    OS_QPost                                 0x08002595   Thumb Code   252  os_q.o(i.OS_QPost)
    OS_RdyListInit                           0x08002699   Thumb Code    32  os_core.o(i.OS_RdyListInit)
    OS_RdyListInsert                         0x080026bd   Thumb Code    42  os_core.o(i.OS_RdyListInsert)
    OS_RdyListInsertHead                     0x080026ed   Thumb Code    52  os_core.o(i.OS_RdyListInsertHead)
    OS_RdyListInsertTail                     0x08002725   Thumb Code    48  os_core.o(i.OS_RdyListInsertTail)
    OS_RdyListMoveHeadToTail                 0x08002759   Thumb Code    52  os_core.o(i.OS_RdyListMoveHeadToTail)
    OS_RdyListRemove                         0x0800278d   Thumb Code    78  os_core.o(i.OS_RdyListRemove)
    OS_Sched0                                0x080027e1   Thumb Code    50  os_core.o(i.OS_Sched0)
    OS_SchedLockTimeMeasStart                0x08002829   Thumb Code    20  os_core.o(i.OS_SchedLockTimeMeasStart)
    OS_SchedLockTimeMeasStop                 0x08002845   Thumb Code    42  os_core.o(i.OS_SchedLockTimeMeasStop)
    OS_SchedRoundRobin                       0x08002881   Thumb Code    88  os_core.o(i.OS_SchedRoundRobin)
    OS_SemInit                               0x080028e9   Thumb Code    14  os_sem.o(i.OS_SemInit)
    OS_SemPost                               0x08002901   Thumb Code   224  os_sem.o(i.OS_SemPost)
    OS_StatTask                              0x080029e5   Thumb Code   602  os_stat.o(i.OS_StatTask)
    OS_StatTaskInit                          0x08002c89   Thumb Code   118  os_stat.o(i.OS_StatTaskInit)
    OS_TaskBlock                             0x08002d45   Thumb Code    42  os_core.o(i.OS_TaskBlock)
    OS_TaskDbgListAdd                        0x08002d71   Thumb Code    30  os_task.o(i.OS_TaskDbgListAdd)
    OS_TaskDbgListRemove                     0x08002d95   Thumb Code    50  os_task.o(i.OS_TaskDbgListRemove)
    OS_TaskInit                              0x08002dcd   Thumb Code    18  os_task.o(i.OS_TaskInit)
    OS_TaskInitTCB                           0x08002ded   Thumb Code   188  os_task.o(i.OS_TaskInitTCB)
    OS_TaskQPost                             0x08002eb5   Thumb Code   310  os_task.o(i.OS_TaskQPost)
    OS_TaskRdy                               0x08002ff9   Thumb Code    28  os_core.o(i.OS_TaskRdy)
    OS_TaskResume                            0x08003015   Thumb Code   252  os_task.o(i.OS_TaskResume)
    OS_TaskReturn                            0x08003115   Thumb Code    20  os_task.o(i.OS_TaskReturn)
    OS_TaskSemPost                           0x0800312d   Thumb Code   380  os_task.o(i.OS_TaskSemPost)
    OS_TaskSuspend                           0x080032b5   Thumb Code   224  os_task.o(i.OS_TaskSuspend)
    OS_TickListInit                          0x0800339d   Thumb Code    34  os_tick.o(i.OS_TickListInit)
    OS_TickListInsert                        0x080033c9   Thumb Code   202  os_tick.o(i.OS_TickListInsert)
    OS_TickListRemove                        0x080034a1   Thumb Code    54  os_tick.o(i.OS_TickListRemove)
    OS_TickListResetPeak                     0x080034d9   Thumb Code    30  os_tick.o(i.OS_TickListResetPeak)
    OS_TickListUpdate                        0x08003501   Thumb Code   354  os_tick.o(i.OS_TickListUpdate)
    OS_TickTask                              0x0800367d   Thumb Code    36  os_tick.o(i.OS_TickTask)
    OS_TickTaskInit                          0x080036a5   Thumb Code   112  os_tick.o(i.OS_TickTaskInit)
    OS_TmrInit                               0x0800374d   Thumb Code   172  os_tmr.o(i.OS_TmrInit)
    OS_TmrLink                               0x08003851   Thumb Code   140  os_tmr.o(i.OS_TmrLink)
    OS_TmrResetPeak                          0x080038e9   Thumb Code    30  os_tmr.o(i.OS_TmrResetPeak)
    OS_TmrTask                               0x08003911   Thumb Code   146  os_tmr.o(i.OS_TmrTask)
    OS_TmrUnlink                             0x080039b5   Thumb Code    68  os_tmr.o(i.OS_TmrUnlink)
    SVC_Handler                              0x08003a01   Thumb Code     2  stm32f1xx_it.o(i.SVC_Handler)
    SystemInit                               0x08003a03   Thumb Code     2  system_stm32f1xx.o(i.SystemInit)
    UsageFault_Handler                       0x08003b21   Thumb Code     2  stm32f1xx_it.o(i.UsageFault_Handler)
    __0printf$bare                           0x08003b25   Thumb Code     8  printfb.o(i.__0printf$bare)
    __1printf$bare                           0x08003b25   Thumb Code     0  printfb.o(i.__0printf$bare)
    __2printf                                0x08003b25   Thumb Code     0  printfb.o(i.__0printf$bare)
    __scatterload_copy                       0x08003b35   Thumb Code    14  handlers.o(i.__scatterload_copy)
    __scatterload_null                       0x08003b43   Thumb Code     2  handlers.o(i.__scatterload_null)
    __scatterload_zeroinit                   0x08003b45   Thumb Code    14  handlers.o(i.__scatterload_zeroinit)
    fputc                                    0x08003b75   Thumb Code    20  usart.o(i.fputc)
    main                                     0x08003b8d   Thumb Code    70  main.o(i.main)
    APBPrescTable                            0x08003c34   Data           8  system_stm32f1xx.o(.constdata)
    OSCfg_IdleTaskStkBasePtr                 0x08003c3c   Data           4  os_cfg_app.o(.constdata)
    OSCfg_IdleTaskStkLimit                   0x08003c40   Data           4  os_cfg_app.o(.constdata)
    OSCfg_IdleTaskStkSize                    0x08003c44   Data           4  os_cfg_app.o(.constdata)
    OSCfg_IntQBasePtr                        0x08003c48   Data           4  os_cfg_app.o(.constdata)
    OSCfg_IntQSize                           0x08003c4c   Data           2  os_cfg_app.o(.constdata)
    OSCfg_IntQTaskStkBasePtr                 0x08003c50   Data           4  os_cfg_app.o(.constdata)
    OSCfg_IntQTaskStkLimit                   0x08003c54   Data           4  os_cfg_app.o(.constdata)
    OSCfg_IntQTaskStkSize                    0x08003c58   Data           4  os_cfg_app.o(.constdata)
    OSCfg_ISRStkBasePtr                      0x08003c5c   Data           4  os_cfg_app.o(.constdata)
    OSCfg_ISRStkSize                         0x08003c60   Data           4  os_cfg_app.o(.constdata)
    OSCfg_MsgPoolSize                        0x08003c64   Data           2  os_cfg_app.o(.constdata)
    OSCfg_MsgPoolBasePtr                     0x08003c68   Data           4  os_cfg_app.o(.constdata)
    OSCfg_StatTaskPrio                       0x08003c6c   Data           1  os_cfg_app.o(.constdata)
    OSCfg_StatTaskRate_Hz                    0x08003c70   Data           4  os_cfg_app.o(.constdata)
    OSCfg_StatTaskStkBasePtr                 0x08003c74   Data           4  os_cfg_app.o(.constdata)
    OSCfg_StatTaskStkLimit                   0x08003c78   Data           4  os_cfg_app.o(.constdata)
    OSCfg_StatTaskStkSize                    0x08003c7c   Data           4  os_cfg_app.o(.constdata)
    OSCfg_StkSizeMin                         0x08003c80   Data           4  os_cfg_app.o(.constdata)
    OSCfg_TickRate_Hz                        0x08003c84   Data           4  os_cfg_app.o(.constdata)
    OSCfg_TickTaskPrio                       0x08003c88   Data           1  os_cfg_app.o(.constdata)
    OSCfg_TickTaskStkBasePtr                 0x08003c8c   Data           4  os_cfg_app.o(.constdata)
    OSCfg_TickTaskStkLimit                   0x08003c90   Data           4  os_cfg_app.o(.constdata)
    OSCfg_TickTaskStkSize                    0x08003c94   Data           4  os_cfg_app.o(.constdata)
    OSCfg_TickWheelSize                      0x08003c98   Data           2  os_cfg_app.o(.constdata)
    OSCfg_TmrTaskPrio                        0x08003c9a   Data           1  os_cfg_app.o(.constdata)
    OSCfg_TmrTaskRate_Hz                     0x08003c9c   Data           4  os_cfg_app.o(.constdata)
    OSCfg_TmrTaskStkBasePtr                  0x08003ca0   Data           4  os_cfg_app.o(.constdata)
    OSCfg_TmrTaskStkLimit                    0x08003ca4   Data           4  os_cfg_app.o(.constdata)
    OSCfg_TmrTaskStkSize                     0x08003ca8   Data           4  os_cfg_app.o(.constdata)
    OSCfg_TmrWheelSize                       0x08003cac   Data           2  os_cfg_app.o(.constdata)
    Region$$Table$$Base                      0x08003cb0   Number         0  anon$$obj.o(Region$$Table)
    Region$$Table$$Limit                     0x08003cd0   Number         0  anon$$obj.o(Region$$Table)
    uwTickFreq                               0x20000000   Data           1  stm32f1xx_hal.o(.data)
    uwTickPrio                               0x20000004   Data           4  stm32f1xx_hal.o(.data)
    uwTick                                   0x20000008   Data           4  stm32f1xx_hal.o(.data)
    SystemCoreClock                          0x2000000c   Data           4  system_stm32f1xx.o(.data)
    CPU_IntDisMeasCtr                        0x20000010   Data           2  cpu_core.o(.data)
    CPU_IntDisNestCtr                        0x20000012   Data           2  cpu_core.o(.data)
    CPU_TS_TmrFreq_Hz                        0x20000014   Data           4  cpu_core.o(.data)
    CPU_IntDisMeasStart_cnts                 0x20000018   Data           4  cpu_core.o(.data)
    CPU_IntDisMeasStop_cnts                  0x2000001c   Data           4  cpu_core.o(.data)
    CPU_IntDisMeasOvrhd_cnts                 0x20000020   Data           4  cpu_core.o(.data)
    CPU_IntDisMeasMaxCur_cnts                0x20000024   Data           4  cpu_core.o(.data)
    CPU_IntDisMeasMax_cnts                   0x20000028   Data           4  cpu_core.o(.data)
    Mem_PoolTbl                              0x2000002c   Data           4  lib_mem.o(.data)
    OS_CPU_ExceptStkBase                     0x20000030   Data           4  os_cpu_c.o(.data)
    OSPrioTbl                                0x20000034   Data           4  os_prio.o(.data)
    OS_AppTaskCreateHookPtr                  0x20000038   Data           4  os_var.o(.data)
    OS_AppTaskDelHookPtr                     0x2000003c   Data           4  os_var.o(.data)
    OS_AppTaskReturnHookPtr                  0x20000040   Data           4  os_var.o(.data)
    OS_AppIdleTaskHookPtr                    0x20000044   Data           4  os_var.o(.data)
    OS_AppStatTaskHookPtr                    0x20000048   Data           4  os_var.o(.data)
    OS_AppTaskSwHookPtr                      0x2000004c   Data           4  os_var.o(.data)
    OS_AppTimeTickHookPtr                    0x20000050   Data           4  os_var.o(.data)
    OSIdleTaskCtr                            0x20000054   Data           4  os_var.o(.data)
    OSIntNestingCtr                          0x20000058   Data           1  os_var.o(.data)
    OSIntDisTimeMax                          0x2000005c   Data           4  os_var.o(.data)
    OSRunning                                0x20000060   Data           1  os_var.o(.data)
    OSIntQInPtr                              0x20000064   Data           4  os_var.o(.data)
    OSIntQOutPtr                             0x20000068   Data           4  os_var.o(.data)
    OSIntQNbrEntries                         0x2000006c   Data           2  os_var.o(.data)
    OSIntQNbrEntriesMax                      0x2000006e   Data           2  os_var.o(.data)
    OSIntQOvfCtr                             0x20000070   Data           2  os_var.o(.data)
    OSIntQTaskTimeMax                        0x20000074   Data           4  os_var.o(.data)
    OSFlagDbgListPtr                         0x20000078   Data           4  os_var.o(.data)
    OSFlagQty                                0x2000007c   Data           2  os_var.o(.data)
    OSMemDbgListPtr                          0x20000080   Data           4  os_var.o(.data)
    OSMemQty                                 0x20000084   Data           2  os_var.o(.data)
    OSMutexDbgListPtr                        0x20000088   Data           4  os_var.o(.data)
    OSMutexQty                               0x2000008c   Data           2  os_var.o(.data)
    OSPrioCur                                0x2000008e   Data           1  os_var.o(.data)
    OSPrioHighRdy                            0x2000008f   Data           1  os_var.o(.data)
    OSPrioSaved                              0x20000090   Data           1  os_var.o(.data)
    OSQDbgListPtr                            0x20000094   Data           4  os_var.o(.data)
    OSQQty                                   0x20000098   Data           2  os_var.o(.data)
    OSSchedLockTimeBegin                     0x2000009c   Data           4  os_var.o(.data)
    OSSchedLockTimeMax                       0x200000a0   Data           4  os_var.o(.data)
    OSSchedLockTimeMaxCur                    0x200000a4   Data           4  os_var.o(.data)
    OSSchedLockNestingCtr                    0x200000a8   Data           1  os_var.o(.data)
    OSSchedRoundRobinDfltTimeQuanta          0x200000ac   Data           4  os_var.o(.data)
    OSSchedRoundRobinEn                      0x200000b0   Data           1  os_var.o(.data)
    OSSemDbgListPtr                          0x200000b4   Data           4  os_var.o(.data)
    OSSemQty                                 0x200000b8   Data           2  os_var.o(.data)
    OSStatResetFlag                          0x200000ba   Data           1  os_var.o(.data)
    OSStatTaskCPUUsage                       0x200000bc   Data           2  os_var.o(.data)
    OSStatTaskCPUUsageMax                    0x200000be   Data           2  os_var.o(.data)
    OSStatTaskCtr                            0x200000c0   Data           4  os_var.o(.data)
    OSStatTaskCtrMax                         0x200000c4   Data           4  os_var.o(.data)
    OSStatTaskCtrRun                         0x200000c8   Data           4  os_var.o(.data)
    OSStatTaskRdy                            0x200000cc   Data           1  os_var.o(.data)
    OSStatTaskTimeMax                        0x200000d0   Data           4  os_var.o(.data)
    OSTaskCtxSwCtr                           0x200000d4   Data           4  os_var.o(.data)
    OSTaskDbgListPtr                         0x200000d8   Data           4  os_var.o(.data)
    OSTaskQty                                0x200000dc   Data           2  os_var.o(.data)
    OSTaskRegNextAvailID                     0x200000de   Data           1  os_var.o(.data)
    OSTickCtr                                0x200000e0   Data           4  os_var.o(.data)
    OSTickTaskTimeMax                        0x200000e4   Data           4  os_var.o(.data)
    OSTmrDbgListPtr                          0x200000e8   Data           4  os_var.o(.data)
    OSTmrTaskTimeMax                         0x200000ec   Data           4  os_var.o(.data)
    OSTmrTickCtr                             0x200000f0   Data           4  os_var.o(.data)
    OSTmrUpdateCnt                           0x200000f4   Data           4  os_var.o(.data)
    OSTmrUpdateCtr                           0x200000f8   Data           4  os_var.o(.data)
    OSTCBCurPtr                              0x200000fc   Data           4  os_var.o(.data)
    OSTCBHighRdyPtr                          0x20000100   Data           4  os_var.o(.data)
    __stdout                                 0x20000104   Data           4  stdout.o(.data)
    huart1                                   0x20000928   Data          68  usart.o(.bss)
    CPU_Name                                 0x2000096c   Data          16  cpu_core.o(.bss)
    Mem_PoolHeap                             0x2000097c   Data          72  lib_mem.o(.bss)
    Mem_Heap                                 0x200009c4   Data        5120  lib_mem.o(.bss)
    OSCfg_IdleTaskStk                        0x20001dc4   Data         512  os_cfg_app.o(.bss)
    OSCfg_IntQ                               0x20001fc4   Data         320  os_cfg_app.o(.bss)
    OSCfg_IntQTaskStk                        0x20002104   Data         512  os_cfg_app.o(.bss)
    OSCfg_ISRStk                             0x20002304   Data         512  os_cfg_app.o(.bss)
    OSCfg_MsgPool                            0x20002504   Data        1600  os_cfg_app.o(.bss)
    OSCfg_StatTaskStk                        0x20002b44   Data         512  os_cfg_app.o(.bss)
    OSCfg_TickTaskStk                        0x20002d44   Data         512  os_cfg_app.o(.bss)
    OSCfg_TickWheel                          0x20002f44   Data         136  os_cfg_app.o(.bss)
    OSCfg_TmrTaskStk                         0x20002fcc   Data         512  os_cfg_app.o(.bss)
    OSCfg_TmrWheel                           0x200031cc   Data         136  os_cfg_app.o(.bss)
    OSIdleTaskTCB                            0x20003254   Data         200  os_var.o(.bss)
    OSIntQTaskTCB                            0x2000331c   Data         200  os_var.o(.bss)
    OSMsgPool                                0x200033e4   Data          12  os_var.o(.bss)
    OSRdyList                                0x200033f0   Data         384  os_var.o(.bss)
    OSStatTaskTCB                            0x20003570   Data         200  os_var.o(.bss)
    OSTickTaskTCB                            0x20003638   Data         200  os_var.o(.bss)
    OSTmrTaskTCB                             0x20003700   Data         200  os_var.o(.bss)
    __initial_sp                             0x20003bc8   Data           0  startup_stm32f103xb.o(STACK)



==============================================================================

Memory Map of the image

  Image Entry point : 0x080000ed

  Load Region LR_IROM1 (Base: 0x08000000, Size: 0x00003dd8, Max: 0x00010000, ABSOLUTE)

    Execution Region ER_IROM1 (Exec base: 0x08000000, Load base: 0x08000000, Size: 0x00003cd0, Max: 0x00010000, ABSOLUTE)

    Exec Addr    Load Addr    Size         Type   Attr      Idx    E Section Name        Object

    0x08000000   0x08000000   0x000000ec   Data   RO            3    RESET               startup_stm32f103xb.o
    0x080000ec   0x080000ec   0x00000000   Code   RO         3935  * .ARM.Collect$$$$00000000  mc_w.l(entry.o)
    0x080000ec   0x080000ec   0x00000004   Code   RO         4204    .ARM.Collect$$$$00000001  mc_w.l(entry2.o)
    0x080000f0   0x080000f0   0x00000004   Code   RO         4207    .ARM.Collect$$$$00000004  mc_w.l(entry5.o)
    0x080000f4   0x080000f4   0x00000000   Code   RO         4209    .ARM.Collect$$$$00000008  mc_w.l(entry7b.o)
    0x080000f4   0x080000f4   0x00000000   Code   RO         4211    .ARM.Collect$$$$0000000A  mc_w.l(entry8b.o)
    0x080000f4   0x080000f4   0x00000008   Code   RO         4212    .ARM.Collect$$$$0000000B  mc_w.l(entry9a.o)
    0x080000fc   0x080000fc   0x00000004   Code   RO         4219    .ARM.Collect$$$$0000000E  mc_w.l(entry12b.o)
    0x08000100   0x08000100   0x00000000   Code   RO         4214    .ARM.Collect$$$$0000000F  mc_w.l(entry10a.o)
    0x08000100   0x08000100   0x00000000   Code   RO         4216    .ARM.Collect$$$$00000011  mc_w.l(entry11a.o)
    0x08000100   0x08000100   0x00000004   Code   RO         4205    .ARM.Collect$$$$00002712  mc_w.l(entry2.o)
    0x08000104   0x08000104   0x00000024   Code   RO            4    .text               startup_stm32f103xb.o
    0x08000128   0x08000128   0x00000034   Code   RO         2083    .text               cpu_a.o
    0x0800015c   0x0800015c   0x00000024   Code   RO         4236    .text               mc_w.l(init.o)
    0x08000180   0x08000180   0x00000084   Code   RO         2548    CODE                os_cpu_a.o
    0x08000204   0x08000204   0x00000150   Code   RO          184    i.AppTaskStart      main.o
    0x08000354   0x08000354   0x0000000e   Code   RO         1874    i.BSP_Init          bsp.o
    0x08000362   0x08000362   0x00000002   PAD
    0x08000364   0x08000364   0x0000001c   Code   RO         1875    i.BSP_Tick_Init     bsp.o
    0x08000380   0x08000380   0x00000002   Code   RO          332    i.BusFault_Handler  stm32f1xx_it.o
    0x08000382   0x08000382   0x00000002   PAD
    0x08000384   0x08000384   0x0000001c   Code   RO         1931    i.CPU_Init          cpu_core.o
    0x080003a0   0x080003a0   0x0000004c   Code   RO         1932    i.CPU_IntDisMeasInit  cpu_core.o
    0x080003ec   0x080003ec   0x00000014   Code   RO         1933    i.CPU_IntDisMeasMaxCalc  cpu_core.o
    0x08000400   0x08000400   0x0000001c   Code   RO         1934    i.CPU_IntDisMeasMaxCurGet  cpu_core.o
    0x0800041c   0x0800041c   0x00000020   Code   RO         1935    i.CPU_IntDisMeasMaxCurReset  cpu_core.o
    0x0800043c   0x0800043c   0x0000001c   Code   RO         1936    i.CPU_IntDisMeasMaxGet  cpu_core.o
    0x08000458   0x08000458   0x00000020   Code   RO         1937    i.CPU_IntDisMeasStart  cpu_core.o
    0x08000478   0x08000478   0x00000030   Code   RO         1938    i.CPU_IntDisMeasStop  cpu_core.o
    0x080004a8   0x080004a8   0x00000028   Code   RO         1939    i.CPU_NameClr       cpu_core.o
    0x080004d0   0x080004d0   0x0000000c   Code   RO         1945    i.CPU_TS_TmrFreqSet  cpu_core.o
    0x080004dc   0x080004dc   0x00000030   Code   RO         1877    i.CPU_TS_TmrInit    bsp.o
    0x0800050c   0x0800050c   0x0000000c   Code   RO         1878    i.CPU_TS_TmrRd      bsp.o
    0x08000518   0x08000518   0x00000002   Code   RO          333    i.DebugMon_Handler  stm32f1xx_it.o
    0x0800051a   0x0800051a   0x00000002   Code   RO          185    i.Error_Handler     main.o
    0x0800051c   0x0800051c   0x000001e0   Code   RO         1175    i.HAL_GPIO_Init     stm32f1xx_hal_gpio.o
    0x080006fc   0x080006fc   0x0000000a   Code   RO         1179    i.HAL_GPIO_WritePin  stm32f1xx_hal_gpio.o
    0x08000706   0x08000706   0x00000002   PAD
    0x08000708   0x08000708   0x0000000c   Code   RO          871    i.HAL_GetTick       stm32f1xx_hal.o
    0x08000714   0x08000714   0x0000000c   Code   RO         1040    i.HAL_RCC_GetHCLKFreq  stm32f1xx_hal_rcc.o
    0x08000720   0x08000720   0x00000020   Code   RO         1042    i.HAL_RCC_GetPCLK1Freq  stm32f1xx_hal_rcc.o
    0x08000740   0x08000740   0x00000020   Code   RO         1043    i.HAL_RCC_GetPCLK2Freq  stm32f1xx_hal_rcc.o
    0x08000760   0x08000760   0x00000062   Code   RO          532    i.HAL_UART_Init     stm32f1xx_hal_uart.o
    0x080007c2   0x080007c2   0x00000002   PAD
    0x080007c4   0x080007c4   0x00000070   Code   RO          281    i.HAL_UART_MspInit  usart.o
    0x08000834   0x08000834   0x000000b2   Code   RO          540    i.HAL_UART_Transmit  stm32f1xx_hal_uart.o
    0x080008e6   0x080008e6   0x00000002   Code   RO          334    i.HardFault_Handler  stm32f1xx_it.o
    0x080008e8   0x080008e8   0x00000058   Code   RO          186    i.Led1              main.o
    0x08000940   0x08000940   0x00000058   Code   RO          187    i.Led2              main.o
    0x08000998   0x08000998   0x00000070   Code   RO          256    i.MX_GPIO_Init      gpio.o
    0x08000a08   0x08000a08   0x00000038   Code   RO          282    i.MX_USART1_UART_Init  usart.o
    0x08000a40   0x08000a40   0x00000002   Code   RO          335    i.MemManage_Handler  stm32f1xx_it.o
    0x08000a42   0x08000a42   0x00000008   Code   RO         2274    i.Mem_Clr           lib_mem.o
    0x08000a4a   0x08000a4a   0x00000002   PAD
    0x08000a4c   0x08000a4c   0x00000044   Code   RO         2278    i.Mem_Init          lib_mem.o
    0x08000a90   0x08000a90   0x0000004c   Code   RO         2291    i.Mem_Set           lib_mem.o
    0x08000adc   0x08000adc   0x00000002   Code   RO          336    i.NMI_Handler       stm32f1xx_it.o
    0x08000ade   0x08000ade   0x00000002   Code   RO         2629    i.OSCfg_Init        os_cfg_app.o
    0x08000ae0   0x08000ae0   0x00000010   Code   RO         2551    i.OSIdleTaskHook    os_cpu_c.o
    0x08000af0   0x08000af0   0x00000184   Code   RO         2701    i.OSInit            os_core.o
    0x08000c74   0x08000c74   0x00000034   Code   RO         2552    i.OSInitHook        os_cpu_c.o
    0x08000ca8   0x08000ca8   0x00000090   Code   RO         2703    i.OSIntExit         os_core.o
    0x08000d38   0x08000d38   0x0000007c   Code   RO         2704    i.OSSched           os_core.o
    0x08000db4   0x08000db4   0x0000005c   Code   RO         2705    i.OSSchedLock       os_core.o
    0x08000e10   0x08000e10   0x00000058   Code   RO         2706    i.OSSchedRoundRobinCfg  os_core.o
    0x08000e68   0x08000e68   0x00000074   Code   RO         2708    i.OSSchedUnlock     os_core.o
    0x08000edc   0x08000edc   0x00000058   Code   RO         2709    i.OSStart           os_core.o
    0x08000f34   0x08000f34   0x000000f8   Code   RO         3411    i.OSStatReset       os_stat.o
    0x0800102c   0x0800102c   0x000000b4   Code   RO         3412    i.OSStatTaskCPUUsageInit  os_stat.o
    0x080010e0   0x080010e0   0x00000010   Code   RO         2553    i.OSStatTaskHook    os_cpu_c.o
    0x080010f0   0x080010f0   0x000001f8   Code   RO         3442    i.OSTaskCreate      os_task.o
    0x080012e8   0x080012e8   0x00000010   Code   RO         2554    i.OSTaskCreateHook  os_cpu_c.o
    0x080012f8   0x080012f8   0x0000016c   Code   RO         3443    i.OSTaskDel         os_task.o
    0x08001464   0x08001464   0x00000010   Code   RO         2555    i.OSTaskDelHook     os_cpu_c.o
    0x08001474   0x08001474   0x00000070   Code   RO         3451    i.OSTaskResume      os_task.o
    0x080014e4   0x080014e4   0x00000010   Code   RO         2556    i.OSTaskReturnHook  os_cpu_c.o
    0x080014f4   0x080014f4   0x00000170   Code   RO         3452    i.OSTaskSemPend     os_task.o
    0x08001664   0x08001664   0x000000ac   Code   RO         3456    i.OSTaskStkChk      os_task.o
    0x08001710   0x08001710   0x00000070   Code   RO         2557    i.OSTaskStkInit     os_cpu_c.o
    0x08001780   0x08001780   0x00000054   Code   RO         3457    i.OSTaskSuspend     os_task.o
    0x080017d4   0x080017d4   0x00000068   Code   RO         2558    i.OSTaskSwHook      os_cpu_c.o
    0x0800183c   0x0800183c   0x000000ec   Code   RO         3657    i.OSTimeDly         os_time.o
    0x08001928   0x08001928   0x00000188   Code   RO         3658    i.OSTimeDlyHMSM     os_time.o
    0x08001ab0   0x08001ab0   0x00000040   Code   RO         3662    i.OSTimeTick        os_time.o
    0x08001af0   0x08001af0   0x00000010   Code   RO         2559    i.OSTimeTickHook    os_cpu_c.o
    0x08001b00   0x08001b00   0x00000030   Code   RO         2560    i.OS_CPU_SysTickHandler  os_cpu_c.o
    0x08001b30   0x08001b30   0x00000028   Code   RO         2561    i.OS_CPU_SysTickInit  os_cpu_c.o
    0x08001b58   0x08001b58   0x00000002   Code   RO         2939    i.OS_Dbg_Init       os_dbg.o
    0x08001b5a   0x08001b5a   0x00000002   PAD
    0x08001b5c   0x08001b5c   0x00000018   Code   RO         2965    i.OS_FlagInit       os_flag.o
    0x08001b74   0x08001b74   0x00000188   Code   RO         2966    i.OS_FlagPost       os_flag.o
    0x08001cfc   0x08001cfc   0x00000044   Code   RO         2967    i.OS_FlagTaskRdy    os_flag.o
    0x08001d40   0x08001d40   0x00000034   Code   RO         2711    i.OS_IdleTask       os_core.o
    0x08001d74   0x08001d74   0x00000068   Code   RO         2712    i.OS_IdleTaskInit   os_core.o
    0x08001ddc   0x08001ddc   0x000000b8   Code   RO         3038    i.OS_IntQPost       os_int.o
    0x08001e94   0x08001e94   0x0000011c   Code   RO         3039    i.OS_IntQRePost     os_int.o
    0x08001fb0   0x08001fb0   0x00000088   Code   RO         3040    i.OS_IntQTask       os_int.o
    0x08002038   0x08002038   0x00000118   Code   RO         3041    i.OS_IntQTaskInit   os_int.o
    0x08002150   0x08002150   0x00000018   Code   RO         3072    i.OS_MemInit        os_mem.o
    0x08002168   0x08002168   0x00000068   Code   RO         3104    i.OS_MsgPoolInit    os_msg.o
    0x080021d0   0x080021d0   0x00000034   Code   RO         3105    i.OS_MsgQFreeAll    os_msg.o
    0x08002204   0x08002204   0x0000000e   Code   RO         3107    i.OS_MsgQInit       os_msg.o
    0x08002212   0x08002212   0x00000002   PAD
    0x08002214   0x08002214   0x00000088   Code   RO         3108    i.OS_MsgQPut        os_msg.o
    0x0800229c   0x0800229c   0x00000018   Code   RO         3148    i.OS_MutexInit      os_mutex.o
    0x080022b4   0x080022b4   0x00000050   Code   RO         2713    i.OS_Pend           os_core.o
    0x08002304   0x08002304   0x00000030   Code   RO         2716    i.OS_PendDataInit   os_core.o
    0x08002334   0x08002334   0x00000048   Code   RO         2717    i.OS_PendDbgNameAdd  os_core.o
    0x0800237c   0x0800237c   0x0000001c   Code   RO         2718    i.OS_PendDbgNameRemove  os_core.o
    0x08002398   0x08002398   0x0000005a   Code   RO         2722    i.OS_PendListInsertPrio  os_core.o
    0x080023f2   0x080023f2   0x00000026   Code   RO         2723    i.OS_PendListRemove  os_core.o
    0x08002418   0x08002418   0x00000036   Code   RO         2724    i.OS_PendListRemove1  os_core.o
    0x0800244e   0x0800244e   0x00000098   Code   RO         2727    i.OS_Post           os_core.o
    0x080024e6   0x080024e6   0x00000026   Code   RO         2728    i.OS_Post1          os_core.o
    0x0800250c   0x0800250c   0x00000024   Code   RO         3230    i.OS_PrioGetHighest  os_prio.o
    0x08002530   0x08002530   0x0000000c   Code   RO         3231    i.OS_PrioInit       os_prio.o
    0x0800253c   0x0800253c   0x00000020   Code   RO         3232    i.OS_PrioInsert     os_prio.o
    0x0800255c   0x0800255c   0x00000020   Code   RO         3233    i.OS_PrioRemove     os_prio.o
    0x0800257c   0x0800257c   0x00000018   Code   RO         3276    i.OS_QInit          os_q.o
    0x08002594   0x08002594   0x00000104   Code   RO         3277    i.OS_QPost          os_q.o
    0x08002698   0x08002698   0x00000024   Code   RO         2729    i.OS_RdyListInit    os_core.o
    0x080026bc   0x080026bc   0x00000030   Code   RO         2730    i.OS_RdyListInsert  os_core.o
    0x080026ec   0x080026ec   0x00000038   Code   RO         2731    i.OS_RdyListInsertHead  os_core.o
    0x08002724   0x08002724   0x00000034   Code   RO         2732    i.OS_RdyListInsertTail  os_core.o
    0x08002758   0x08002758   0x00000034   Code   RO         2733    i.OS_RdyListMoveHeadToTail  os_core.o
    0x0800278c   0x0800278c   0x00000054   Code   RO         2734    i.OS_RdyListRemove  os_core.o
    0x080027e0   0x080027e0   0x00000048   Code   RO         2735    i.OS_Sched0         os_core.o
    0x08002828   0x08002828   0x0000001c   Code   RO         2736    i.OS_SchedLockTimeMeasStart  os_core.o
    0x08002844   0x08002844   0x0000003c   Code   RO         2737    i.OS_SchedLockTimeMeasStop  os_core.o
    0x08002880   0x08002880   0x00000068   Code   RO         2738    i.OS_SchedRoundRobin  os_core.o
    0x080028e8   0x080028e8   0x00000018   Code   RO         3348    i.OS_SemInit        os_sem.o
    0x08002900   0x08002900   0x000000e4   Code   RO         3349    i.OS_SemPost        os_sem.o
    0x080029e4   0x080029e4   0x000002a4   Code   RO         3413    i.OS_StatTask       os_stat.o
    0x08002c88   0x08002c88   0x000000bc   Code   RO         3414    i.OS_StatTaskInit   os_stat.o
    0x08002d44   0x08002d44   0x0000002a   Code   RO         2739    i.OS_TaskBlock      os_core.o
    0x08002d6e   0x08002d6e   0x00000002   PAD
    0x08002d70   0x08002d70   0x00000024   Code   RO         3459    i.OS_TaskDbgListAdd  os_task.o
    0x08002d94   0x08002d94   0x00000038   Code   RO         3460    i.OS_TaskDbgListRemove  os_task.o
    0x08002dcc   0x08002dcc   0x00000020   Code   RO         3461    i.OS_TaskInit       os_task.o
    0x08002dec   0x08002dec   0x000000c8   Code   RO         3462    i.OS_TaskInitTCB    os_task.o
    0x08002eb4   0x08002eb4   0x00000144   Code   RO         3463    i.OS_TaskQPost      os_task.o
    0x08002ff8   0x08002ff8   0x0000001c   Code   RO         2740    i.OS_TaskRdy        os_core.o
    0x08003014   0x08003014   0x00000100   Code   RO         3464    i.OS_TaskResume     os_task.o
    0x08003114   0x08003114   0x00000018   Code   RO         3465    i.OS_TaskReturn     os_task.o
    0x0800312c   0x0800312c   0x00000188   Code   RO         3466    i.OS_TaskSemPost    os_task.o
    0x080032b4   0x080032b4   0x000000e8   Code   RO         3467    i.OS_TaskSuspend    os_task.o
    0x0800339c   0x0800339c   0x0000002c   Code   RO         3609    i.OS_TickListInit   os_tick.o
    0x080033c8   0x080033c8   0x000000d8   Code   RO         3610    i.OS_TickListInsert  os_tick.o
    0x080034a0   0x080034a0   0x00000036   Code   RO         3611    i.OS_TickListRemove  os_tick.o
    0x080034d6   0x080034d6   0x00000002   PAD
    0x080034d8   0x080034d8   0x00000028   Code   RO         3612    i.OS_TickListResetPeak  os_tick.o
    0x08003500   0x08003500   0x0000017c   Code   RO         3613    i.OS_TickListUpdate  os_tick.o
    0x0800367c   0x0800367c   0x00000028   Code   RO         3614    i.OS_TickTask       os_tick.o
    0x080036a4   0x080036a4   0x000000a8   Code   RO         3615    i.OS_TickTaskInit   os_tick.o
    0x0800374c   0x0800374c   0x00000104   Code   RO         3708    i.OS_TmrInit        os_tmr.o
    0x08003850   0x08003850   0x00000098   Code   RO         3709    i.OS_TmrLink        os_tmr.o
    0x080038e8   0x080038e8   0x00000028   Code   RO         3710    i.OS_TmrResetPeak   os_tmr.o
    0x08003910   0x08003910   0x000000a4   Code   RO         3711    i.OS_TmrTask        os_tmr.o
    0x080039b4   0x080039b4   0x0000004c   Code   RO         3712    i.OS_TmrUnlink      os_tmr.o
    0x08003a00   0x08003a00   0x00000002   Code   RO          338    i.SVC_Handler       stm32f1xx_it.o
    0x08003a02   0x08003a02   0x00000002   Code   RO         1836    i.SystemInit        system_stm32f1xx.o
    0x08003a04   0x08003a04   0x000000b8   Code   RO          558    i.UART_SetConfig    stm32f1xx_hal_uart.o
    0x08003abc   0x08003abc   0x00000064   Code   RO          561    i.UART_WaitOnFlagUntilTimeout  stm32f1xx_hal_uart.o
    0x08003b20   0x08003b20   0x00000002   Code   RO          340    i.UsageFault_Handler  stm32f1xx_it.o
    0x08003b22   0x08003b22   0x00000002   PAD
    0x08003b24   0x08003b24   0x00000010   Code   RO         3945    i.__0printf$bare    mc_w.l(printfb.o)
    0x08003b34   0x08003b34   0x0000000e   Code   RO         4244    i.__scatterload_copy  mc_w.l(handlers.o)
    0x08003b42   0x08003b42   0x00000002   Code   RO         4245    i.__scatterload_null  mc_w.l(handlers.o)
    0x08003b44   0x08003b44   0x0000000e   Code   RO         4246    i.__scatterload_zeroinit  mc_w.l(handlers.o)
    0x08003b52   0x08003b52   0x00000022   Code   RO         3952    i._printf_core      mc_w.l(printfb.o)
    0x08003b74   0x08003b74   0x00000018   Code   RO          283    i.fputc             usart.o
    0x08003b8c   0x08003b8c   0x00000064   Code   RO          189    i.main              main.o
    0x08003bf0   0x08003bf0   0x00000044   Code   RO          190    i.send_msg          main.o
    0x08003c34   0x08003c34   0x00000008   Data   RO         1838    .constdata          system_stm32f1xx.o
    0x08003c3c   0x08003c3c   0x00000004   Data   RO         2640    .constdata          os_cfg_app.o
    0x08003c40   0x08003c40   0x00000004   Data   RO         2641    .constdata          os_cfg_app.o
    0x08003c44   0x08003c44   0x00000004   Data   RO         2642    .constdata          os_cfg_app.o
    0x08003c48   0x08003c48   0x00000004   Data   RO         2644    .constdata          os_cfg_app.o
    0x08003c4c   0x08003c4c   0x00000002   Data   RO         2645    .constdata          os_cfg_app.o
    0x08003c4e   0x08003c4e   0x00000002   PAD
    0x08003c50   0x08003c50   0x00000004   Data   RO         2647    .constdata          os_cfg_app.o
    0x08003c54   0x08003c54   0x00000004   Data   RO         2648    .constdata          os_cfg_app.o
    0x08003c58   0x08003c58   0x00000004   Data   RO         2649    .constdata          os_cfg_app.o
    0x08003c5c   0x08003c5c   0x00000004   Data   RO         2651    .constdata          os_cfg_app.o
    0x08003c60   0x08003c60   0x00000004   Data   RO         2652    .constdata          os_cfg_app.o
    0x08003c64   0x08003c64   0x00000002   Data   RO         2654    .constdata          os_cfg_app.o
    0x08003c66   0x08003c66   0x00000002   PAD
    0x08003c68   0x08003c68   0x00000004   Data   RO         2656    .constdata          os_cfg_app.o
    0x08003c6c   0x08003c6c   0x00000001   Data   RO         2657    .constdata          os_cfg_app.o
    0x08003c6d   0x08003c6d   0x00000003   PAD
    0x08003c70   0x08003c70   0x00000004   Data   RO         2658    .constdata          os_cfg_app.o
    0x08003c74   0x08003c74   0x00000004   Data   RO         2659    .constdata          os_cfg_app.o
    0x08003c78   0x08003c78   0x00000004   Data   RO         2660    .constdata          os_cfg_app.o
    0x08003c7c   0x08003c7c   0x00000004   Data   RO         2661    .constdata          os_cfg_app.o
    0x08003c80   0x08003c80   0x00000004   Data   RO         2663    .constdata          os_cfg_app.o
    0x08003c84   0x08003c84   0x00000004   Data   RO         2664    .constdata          os_cfg_app.o
    0x08003c88   0x08003c88   0x00000001   Data   RO         2665    .constdata          os_cfg_app.o
    0x08003c89   0x08003c89   0x00000003   PAD
    0x08003c8c   0x08003c8c   0x00000004   Data   RO         2666    .constdata          os_cfg_app.o
    0x08003c90   0x08003c90   0x00000004   Data   RO         2667    .constdata          os_cfg_app.o
    0x08003c94   0x08003c94   0x00000004   Data   RO         2668    .constdata          os_cfg_app.o
    0x08003c98   0x08003c98   0x00000002   Data   RO         2670    .constdata          os_cfg_app.o
    0x08003c9a   0x08003c9a   0x00000001   Data   RO         2672    .constdata          os_cfg_app.o
    0x08003c9b   0x08003c9b   0x00000001   PAD
    0x08003c9c   0x08003c9c   0x00000004   Data   RO         2673    .constdata          os_cfg_app.o
    0x08003ca0   0x08003ca0   0x00000004   Data   RO         2674    .constdata          os_cfg_app.o
    0x08003ca4   0x08003ca4   0x00000004   Data   RO         2675    .constdata          os_cfg_app.o
    0x08003ca8   0x08003ca8   0x00000004   Data   RO         2676    .constdata          os_cfg_app.o
    0x08003cac   0x08003cac   0x00000002   Data   RO         2678    .constdata          os_cfg_app.o
    0x08003cae   0x08003cae   0x00000002   PAD
    0x08003cb0   0x08003cb0   0x00000020   Data   RO         4242    Region$$Table       anon$$obj.o


    Execution Region RW_IRAM1 (Exec base: 0x20000000, Load base: 0x08003cd0, Size: 0x00003bc8, Max: 0x00008000, ABSOLUTE)

    Exec Addr    Load Addr    Size         Type   Attr      Idx    E Section Name        Object

    0x20000000   0x08003cd0   0x0000000c   Data   RW          885    .data               stm32f1xx_hal.o
    0x2000000c   0x08003cdc   0x00000004   Data   RW         1839    .data               system_stm32f1xx.o
    0x20000010   0x08003ce0   0x0000001c   Data   RW         1949    .data               cpu_core.o
    0x2000002c   0x08003cfc   0x00000004   Data   RW         2293    .data               lib_mem.o
    0x20000030   0x08003d00   0x00000004   Data   RW         2562    .data               os_cpu_c.o
    0x20000034   0x08003d04   0x00000004   Data   RW         3234    .data               os_prio.o
    0x20000038   0x08003d08   0x00000004   Data   RW         3796    .data               os_var.o
    0x2000003c   0x08003d0c   0x00000004   Data   RW         3797    .data               os_var.o
    0x20000040   0x08003d10   0x00000004   Data   RW         3798    .data               os_var.o
    0x20000044   0x08003d14   0x00000004   Data   RW         3799    .data               os_var.o
    0x20000048   0x08003d18   0x00000004   Data   RW         3800    .data               os_var.o
    0x2000004c   0x08003d1c   0x00000004   Data   RW         3801    .data               os_var.o
    0x20000050   0x08003d20   0x00000004   Data   RW         3802    .data               os_var.o
    0x20000054   0x08003d24   0x00000004   Data   RW         3803    .data               os_var.o
    0x20000058   0x08003d28   0x00000001   Data   RW         3804    .data               os_var.o
    0x20000059   0x08003d29   0x00000003   PAD
    0x2000005c   0x08003d2c   0x00000004   Data   RW         3805    .data               os_var.o
    0x20000060   0x08003d30   0x00000001   Data   RW         3806    .data               os_var.o
    0x20000061   0x08003d31   0x00000003   PAD
    0x20000064   0x08003d34   0x00000004   Data   RW         3807    .data               os_var.o
    0x20000068   0x08003d38   0x00000004   Data   RW         3808    .data               os_var.o
    0x2000006c   0x08003d3c   0x00000002   Data   RW         3809    .data               os_var.o
    0x2000006e   0x08003d3e   0x00000002   Data   RW         3810    .data               os_var.o
    0x20000070   0x08003d40   0x00000002   Data   RW         3811    .data               os_var.o
    0x20000072   0x08003d42   0x00000002   PAD
    0x20000074   0x08003d44   0x00000004   Data   RW         3812    .data               os_var.o
    0x20000078   0x08003d48   0x00000004   Data   RW         3813    .data               os_var.o
    0x2000007c   0x08003d4c   0x00000002   Data   RW         3814    .data               os_var.o
    0x2000007e   0x08003d4e   0x00000002   PAD
    0x20000080   0x08003d50   0x00000004   Data   RW         3815    .data               os_var.o
    0x20000084   0x08003d54   0x00000002   Data   RW         3816    .data               os_var.o
    0x20000086   0x08003d56   0x00000002   PAD
    0x20000088   0x08003d58   0x00000004   Data   RW         3817    .data               os_var.o
    0x2000008c   0x08003d5c   0x00000002   Data   RW         3818    .data               os_var.o
    0x2000008e   0x08003d5e   0x00000001   Data   RW         3819    .data               os_var.o
    0x2000008f   0x08003d5f   0x00000001   Data   RW         3820    .data               os_var.o
    0x20000090   0x08003d60   0x00000001   Data   RW         3821    .data               os_var.o
    0x20000091   0x08003d61   0x00000003   PAD
    0x20000094   0x08003d64   0x00000004   Data   RW         3822    .data               os_var.o
    0x20000098   0x08003d68   0x00000002   Data   RW         3823    .data               os_var.o
    0x2000009a   0x08003d6a   0x00000002   PAD
    0x2000009c   0x08003d6c   0x00000004   Data   RW         3824    .data               os_var.o
    0x200000a0   0x08003d70   0x00000004   Data   RW         3825    .data               os_var.o
    0x200000a4   0x08003d74   0x00000004   Data   RW         3826    .data               os_var.o
    0x200000a8   0x08003d78   0x00000001   Data   RW         3827    .data               os_var.o
    0x200000a9   0x08003d79   0x00000003   PAD
    0x200000ac   0x08003d7c   0x00000004   Data   RW         3828    .data               os_var.o
    0x200000b0   0x08003d80   0x00000001   Data   RW         3829    .data               os_var.o
    0x200000b1   0x08003d81   0x00000003   PAD
    0x200000b4   0x08003d84   0x00000004   Data   RW         3830    .data               os_var.o
    0x200000b8   0x08003d88   0x00000002   Data   RW         3831    .data               os_var.o
    0x200000ba   0x08003d8a   0x00000001   Data   RW         3832    .data               os_var.o
    0x200000bb   0x08003d8b   0x00000001   PAD
    0x200000bc   0x08003d8c   0x00000002   Data   RW         3833    .data               os_var.o
    0x200000be   0x08003d8e   0x00000002   Data   RW         3834    .data               os_var.o
    0x200000c0   0x08003d90   0x00000004   Data   RW         3835    .data               os_var.o
    0x200000c4   0x08003d94   0x00000004   Data   RW         3836    .data               os_var.o
    0x200000c8   0x08003d98   0x00000004   Data   RW         3837    .data               os_var.o
    0x200000cc   0x08003d9c   0x00000001   Data   RW         3838    .data               os_var.o
    0x200000cd   0x08003d9d   0x00000003   PAD
    0x200000d0   0x08003da0   0x00000004   Data   RW         3839    .data               os_var.o
    0x200000d4   0x08003da4   0x00000004   Data   RW         3840    .data               os_var.o
    0x200000d8   0x08003da8   0x00000004   Data   RW         3841    .data               os_var.o
    0x200000dc   0x08003dac   0x00000002   Data   RW         3842    .data               os_var.o
    0x200000de   0x08003dae   0x00000001   Data   RW         3843    .data               os_var.o
    0x200000df   0x08003daf   0x00000001   PAD
    0x200000e0   0x08003db0   0x00000004   Data   RW         3844    .data               os_var.o
    0x200000e4   0x08003db4   0x00000004   Data   RW         3845    .data               os_var.o
    0x200000e8   0x08003db8   0x00000004   Data   RW         3846    .data               os_var.o
    0x200000ec   0x08003dbc   0x00000004   Data   RW         3848    .data               os_var.o
    0x200000f0   0x08003dc0   0x00000004   Data   RW         3849    .data               os_var.o
    0x200000f4   0x08003dc4   0x00000004   Data   RW         3850    .data               os_var.o
    0x200000f8   0x08003dc8   0x00000004   Data   RW         3851    .data               os_var.o
    0x200000fc   0x08003dcc   0x00000004   Data   RW         3852    .data               os_var.o
    0x20000100   0x08003dd0   0x00000004   Data   RW         3853    .data               os_var.o
    0x20000104   0x08003dd4   0x00000004   Data   RW         4220    .data               mc_w.l(stdout.o)
    0x20000108        -       0x00000820   Zero   RW          191    .bss                main.o
    0x20000928        -       0x00000044   Zero   RW          284    .bss                usart.o
    0x2000096c        -       0x00000010   Zero   RW         1947    .bss                cpu_core.o
    0x2000097c        -       0x00001448   Zero   RW         2292    .bss                lib_mem.o
    0x20001dc4        -       0x00000200   Zero   RW         2630    .bss                os_cfg_app.o
    0x20001fc4        -       0x00000140   Zero   RW         2631    .bss                os_cfg_app.o
    0x20002104        -       0x00000200   Zero   RW         2632    .bss                os_cfg_app.o
    0x20002304        -       0x00000200   Zero   RW         2633    .bss                os_cfg_app.o
    0x20002504        -       0x00000640   Zero   RW         2634    .bss                os_cfg_app.o
    0x20002b44        -       0x00000200   Zero   RW         2635    .bss                os_cfg_app.o
    0x20002d44        -       0x00000200   Zero   RW         2636    .bss                os_cfg_app.o
    0x20002f44        -       0x00000088   Zero   RW         2637    .bss                os_cfg_app.o
    0x20002fcc        -       0x00000200   Zero   RW         2638    .bss                os_cfg_app.o
    0x200031cc        -       0x00000088   Zero   RW         2639    .bss                os_cfg_app.o
    0x20003254        -       0x000000c8   Zero   RW         3789    .bss                os_var.o
    0x2000331c        -       0x000000c8   Zero   RW         3790    .bss                os_var.o
    0x200033e4        -       0x0000000c   Zero   RW         3791    .bss                os_var.o
    0x200033f0        -       0x00000180   Zero   RW         3792    .bss                os_var.o
    0x20003570        -       0x000000c8   Zero   RW         3793    .bss                os_var.o
    0x20003638        -       0x000000c8   Zero   RW         3794    .bss                os_var.o
    0x20003700        -       0x000000c8   Zero   RW         3795    .bss                os_var.o
    0x200037c8        -       0x00000400   Zero   RW            1    STACK               startup_stm32f103xb.o


==============================================================================

Image component sizes


      Code (inc. data)   RO Data    RW Data    ZI Data      Debug   Object Name

         0          0          0          0          0     433379   app.o
       102         22          0          0          0       2355   bsp.o
        52          0          0          0          0        312   cpu_a.o
       344         48          0         28         16      15340   cpu_core.o
       112         10          0          0          0        851   gpio.o
       152         14          0          4       5192      13119   lib_mem.o
       682        128          0          0       2080       3663   main.o
         2          0        103          0       5264      20794   os_cfg_app.o
      2458        420          0          0          0      19324   os_core.o
       132         32          0          0          0        356   os_cpu_a.o
       452         70          0          4          0       7393   os_cpu_c.o
         2          0          0          0          0        818   os_dbg.o
       484         28          0          0          0       3071   os_flag.o
       884        200          0          0          0       3438   os_int.o
        24         10          0          0          0        789   os_mem.o
       306         20          0          0          0       3089   os_msg.o
        24         10          0          0          0        873   os_mutex.o
       112         16          0          4          0       2558   os_prio.o
       284         18          0          0          0       2184   os_q.o
       252         14          0          0          0       2014   os_sem.o
      1292        220          0          0          0       3939   os_stat.o
      3156        250          0          0          0      13476   os_task.o
       942        128          0          0          0       5389   os_tick.o
       692         42          0          0          0       2945   os_time.o
       692        136          0          0          0       3920   os_tmr.o
         0          0          0        176       1396      19405   os_var.o
        36          8        236          0       1024        784   startup_stm32f103xb.o
        12          6          0         12          0       3505   stm32f1xx_hal.o
       490         34          0          0          0       2800   stm32f1xx_hal_gpio.o
        76         30          0          0          0       2092   stm32f1xx_hal_rcc.o
       560          6          0          0          0       3796   stm32f1xx_hal_uart.o
        14          0          0          0          0       2811   stm32f1xx_it.o
         2          0          8          4          0       1031   system_stm32f1xx.o
       192         24          0          0         68       3310   usart.o

    ----------------------------------------------------------------------
     15036       1944        392        260      15040     604923   Object Totals
         0          0         32          0          0          0   (incl. Generated)
        20          0         13         28          0          0   (incl. Padding)

    ----------------------------------------------------------------------

      Code (inc. data)   RO Data    RW Data    ZI Data      Debug   Library Member Name

         0          0          0          0          0          0   entry.o
         0          0          0          0          0          0   entry10a.o
         0          0          0          0          0          0   entry11a.o
         4          0          0          0          0          0   entry12b.o
         8          4          0          0          0          0   entry2.o
         4          0          0          0          0          0   entry5.o
         0          0          0          0          0          0   entry7b.o
         0          0          0          0          0          0   entry8b.o
         8          4          0          0          0          0   entry9a.o
        30          0          0          0          0          0   handlers.o
        36          8          0          0          0         68   init.o
        50          8          0          0          0        152   printfb.o
         0          0          0          4          0          0   stdout.o

    ----------------------------------------------------------------------
       140         24          0          4          0        220   Library Totals
         0          0          0          0          0          0   (incl. Padding)

    ----------------------------------------------------------------------

      Code (inc. data)   RO Data    RW Data    ZI Data      Debug   Library Name

       140         24          0          4          0        220   mc_w.l

    ----------------------------------------------------------------------
       140         24          0          4          0        220   Library Totals

    ----------------------------------------------------------------------

==============================================================================


      Code (inc. data)   RO Data    RW Data    ZI Data      Debug   

     15176       1968        392        264      15040     598067   Grand Totals
     15176       1968        392        264      15040     598067   ELF Image Totals
     15176       1968        392        264          0          0   ROM Totals

==============================================================================

    Total RO  Size (Code + RO Data)                15568 (  15.20kB)
    Total RW  Size (RW Data + ZI Data)             15304 (  14.95kB)
    Total ROM Size (Code + RO Data + RW Data)      15832 (  15.46kB)

==============================================================================

